Component: ARM Compiler 5.06 update 6 (build 750) Tool: armlink [4d35ed]

==============================================================================

Section Cross References

    startup.o(STACK) refers (Special) to heapauxi.o(.text) for __use_two_region_memory
    startup.o(HEAP) refers (Special) to heapauxi.o(.text) for __use_two_region_memory
    startup.o(RESET) refers (Special) to heapauxi.o(.text) for __use_two_region_memory
    startup.o(RESET) refers to portasm.o(PORT_ASM) for vPortYieldProcessor
    startup.o(RESET) refers to startup.o(STACK) for Stack_Top
    startup.o(RESET) refers to __main.o(!!!main) for __main
    startup.o(.text) refers (Special) to heapauxi.o(.text) for __use_two_region_memory
    startup.o(.text) refers to startup.o(HEAP) for Heap_Mem
    startup.o(.text) refers to startup.o(STACK) for Stack_Mem
    serialisr.o(.text) refers to port.o(.data) for ulCriticalNesting
    serialisr.o(.text) refers to tasks.o(.data) for pxCurrentTCB
    serialisr.o(.text) refers to serial.o(.text) for vUART_ISRHandler
    gpio.o(.text) refers to gpio_cfg.o(.data) for PinConfig_array
    gpio.o(.text) refers to gpio.o(.constdata) for tagToPinMap
    main.o(.text) refers to tasks.o(.text) for xTaskGetTickCount
    main.o(.text) refers to gpio.o(.text) for GPIO_write
    main.o(.text) refers to serial.o(.text) for xSerialPortInitMinimal
    main.o(.text) refers to main.o(.data) for task_A_Handler
    serial.o(.text) refers to aeabi_sdiv.o(.text_udiv) for __aeabi_uidivmod
    serial.o(.text) refers to serialisr.o(.text) for vUART_ISREntry
    serial.o(.text) refers to serial.o(.data) for isNewCharAvailable
    serial.o(.text) refers to serial.o(.bss) for txBuffer
    tasks.o(.text) refers to _printf_percent.o(.ARM.Collect$$_printf_percent$$00000000) for _printf_percent
    tasks.o(.text) refers to _printf_u.o(.ARM.Collect$$_printf_percent$$0000000A) for _printf_u
    tasks.o(.text) refers to _printf_c.o(.ARM.Collect$$_printf_percent$$00000013) for _printf_c
    tasks.o(.text) refers to _printf_dec.o(.text) for _printf_int_dec
    tasks.o(.text) refers to _printf_str.o(.text) for _printf_str
    tasks.o(.text) refers to list.o(.text) for vListInitialise
    tasks.o(.text) refers to port.o(.text) for vPortEnterCritical
    tasks.o(.text) refers to portasm.o(PORT_ASM) for vPortYield
    tasks.o(.text) refers to aeabi_memset.o(.text) for __aeabi_memset
    tasks.o(.text) refers to heap_2.o(.text) for pvPortMalloc
    tasks.o(.text) refers to rt_memclr_w.o(.text) for __aeabi_memclr4
    tasks.o(.text) refers to main.o(.text) for vApplicationTickHook
    tasks.o(.text) refers to tasks.o(.bss) for pxReadyTasksLists
    tasks.o(.text) refers to tasks.o(.data) for pxDelayedTaskList
    tasks.o(.text) refers to gpio.o(.text) for GPIO_write
    tasks.o(.text) refers to main.o(.data) for time_1_out
    tasks.o(.text) refers to aeabi_sdiv.o(.text) for __aeabi_idivmod
    tasks.o(.text) refers to tasks.o(i.__ARM_common_disable_irq) for __ARM_common_disable_irq
    tasks.o(.text) refers to tasks.o(i.__ARM_common_call_via_r1) for __ARM_common_call_via_r1
    tasks.o(.text) refers to strcpy.o(.text) for strcpy
    tasks.o(.text) refers to strlen.o(.text) for strlen
    tasks.o(.text) refers to tasks.o(i.__ARM_common_switch8) for __ARM_common_switch8
    tasks.o(.text) refers to noretval__2sprintf.o(.text) for __2sprintf
    tasks.o(.text) refers to aeabi_sdiv.o(.text_udiv) for __aeabi_uidivmod
    queue.o(.text) refers to aeabi_sdiv.o(.text_udiv) for __aeabi_uidivmod
    queue.o(.text) refers to port.o(.text) for vPortEnterCritical
    queue.o(.text) refers to tasks.o(.text) for xTaskRemoveFromEventList
    queue.o(.text) refers to portasm.o(PORT_ASM) for vPortYield
    queue.o(.text) refers to list.o(.text) for vListInitialise
    queue.o(.text) refers to heap_2.o(.text) for pvPortMalloc
    queue.o(.text) refers to rt_memcpy.o(.text) for __aeabi_memcpy
    port.o(.text) refers to portasm.o(PORT_ASM) for vPortStartFirstTask
    port.o(.text) refers to tasks.o(i.__ARM_common_disable_irq) for __ARM_common_disable_irq
    port.o(.text) refers to port.o(i.__ARM_common_enable_irq) for __ARM_common_enable_irq
    port.o(.text) refers to port.o(.data) for ulCriticalNesting
    heap_2.o(.text) refers to tasks.o(.text) for vTaskSuspendAll
    heap_2.o(.text) refers to aeabi_sdiv.o(.text_udiv) for __aeabi_uidivmod
    heap_2.o(.text) refers to rt_memclr.o(.text) for __aeabi_memclr
    heap_2.o(.text) refers to heap_2.o(.bss) for ucHeap
    heap_2.o(.text) refers to heap_2.o(.data) for xStart
    portasm.o(PORT_ASM) refers to tasks.o(.data) for pxCurrentTCB
    portasm.o(PORT_ASM) refers to port.o(.data) for ulCriticalNesting
    portasm.o(PORT_ASM) refers to tasks.o(.text) for vTaskSwitchContext
    __2sprintf.o(.text) refers to _printf_char_common.o(.text) for _printf_char_common
    __2sprintf.o(.text) refers to _sputc.o(.text) for _sputc
    noretval__2sprintf.o(.text) refers to _printf_char_common.o(.text) for _printf_char_common
    noretval__2sprintf.o(.text) refers to _sputc.o(.text) for _sputc
    __printf.o(.text) refers to tasks.o(i.__ARM_common_call_via_r1) for __ARM_common_call_via_r1
    __printf.o(.text) refers to _printf_percent.o(.ARM.Collect$$_printf_percent$$00000000) for _printf_percent
    __printf.o(.text) refers to __printf.o(i.__ARM_common_call_via_r2) for __ARM_common_call_via_r2
    _printf_str.o(.text) refers (Special) to _printf_char.o(.text) for _printf_cs_common
    _printf_str.o(.text) refers to __printf.o(i.__ARM_common_call_via_r2) for __ARM_common_call_via_r2
    _printf_dec.o(.text) refers to rtudiv10.o(.text) for __rt_udiv10
    _printf_dec.o(.text) refers to _printf_intcommon.o(.text) for _printf_int_common
    __printf_flags.o(.text) refers to tasks.o(i.__ARM_common_call_via_r1) for __ARM_common_call_via_r1
    __printf_flags.o(.text) refers to _printf_percent.o(.ARM.Collect$$_printf_percent$$00000000) for _printf_percent
    __printf_flags.o(.text) refers to __printf.o(i.__ARM_common_call_via_r2) for __ARM_common_call_via_r2
    __printf_flags.o(.text) refers to __printf_flags.o(.constdata) for .constdata
    __printf_ss.o(.text) refers to tasks.o(i.__ARM_common_call_via_r1) for __ARM_common_call_via_r1
    __printf_ss.o(.text) refers to _printf_percent.o(.ARM.Collect$$_printf_percent$$00000000) for _printf_percent
    __printf_ss.o(.text) refers to __printf.o(i.__ARM_common_call_via_r2) for __ARM_common_call_via_r2
    __printf_flags_ss.o(.text) refers to tasks.o(i.__ARM_common_call_via_r1) for __ARM_common_call_via_r1
    __printf_flags_ss.o(.text) refers to _printf_percent.o(.ARM.Collect$$_printf_percent$$00000000) for _printf_percent
    __printf_flags_ss.o(.text) refers to __printf.o(i.__ARM_common_call_via_r2) for __ARM_common_call_via_r2
    __printf_flags_ss.o(.text) refers to __printf_flags_ss.o(.constdata) for .constdata
    __printf_wp.o(.text) refers to tasks.o(i.__ARM_common_call_via_r1) for __ARM_common_call_via_r1
    __printf_wp.o(.text) refers to __printf_wp.o(i._is_digit) for _is_digit
    __printf_wp.o(.text) refers to _printf_percent.o(.ARM.Collect$$_printf_percent$$00000000) for _printf_percent
    __printf_wp.o(.text) refers to __printf.o(i.__ARM_common_call_via_r2) for __ARM_common_call_via_r2
    __printf_flags_wp.o(.text) refers to tasks.o(i.__ARM_common_call_via_r1) for __ARM_common_call_via_r1
    __printf_flags_wp.o(.text) refers to __printf_wp.o(i._is_digit) for _is_digit
    __printf_flags_wp.o(.text) refers to _printf_percent.o(.ARM.Collect$$_printf_percent$$00000000) for _printf_percent
    __printf_flags_wp.o(.text) refers to __printf.o(i.__ARM_common_call_via_r2) for __ARM_common_call_via_r2
    __printf_flags_wp.o(.text) refers to __printf_flags_wp.o(.constdata) for .constdata
    __printf_ss_wp.o(.text) refers to tasks.o(i.__ARM_common_call_via_r1) for __ARM_common_call_via_r1
    __printf_ss_wp.o(.text) refers to __printf_wp.o(i._is_digit) for _is_digit
    __printf_ss_wp.o(.text) refers to _printf_percent.o(.ARM.Collect$$_printf_percent$$00000000) for _printf_percent
    __printf_ss_wp.o(.text) refers to __printf.o(i.__ARM_common_call_via_r2) for __ARM_common_call_via_r2
    __printf_flags_ss_wp.o(.text) refers to tasks.o(i.__ARM_common_call_via_r1) for __ARM_common_call_via_r1
    __printf_flags_ss_wp.o(.text) refers to __printf_wp.o(i._is_digit) for _is_digit
    __printf_flags_ss_wp.o(.text) refers to _printf_percent.o(.ARM.Collect$$_printf_percent$$00000000) for _printf_percent
    __printf_flags_ss_wp.o(.text) refers to __printf.o(i.__ARM_common_call_via_r2) for __ARM_common_call_via_r2
    __printf_flags_ss_wp.o(.text) refers to __printf_flags_ss_wp.o(.constdata) for .constdata
    _printf_c.o(.ARM.Collect$$_printf_percent$$00000013) refers (Weak) to _printf_char.o(.text) for _printf_char
    _printf_u.o(.ARM.Collect$$_printf_percent$$0000000A) refers (Weak) to _printf_dec.o(.text) for _printf_int_dec
    _printf_percent.o(.ARM.Collect$$_printf_percent$$00000000) refers (Special) to _printf_percent_end.o(.ARM.Collect$$_printf_percent$$00000017) for _printf_percent_end
    rt_memcpy.o(.text) refers to rt_memcpy_w.o(.text) for __aeabi_memcpy4
    aeabi_memset.o(.text) refers to rt_memclr.o(.text) for _memset
    rt_memclr.o(.text) refers to rt_memclr_w.o(.text) for _memset_w
    aeabi_sdiv.o(.text_udiv) refers to aeabi_sdiv.o(.text) for __arm_div2
    aeabi_sdiv_div0.o(.text_udiv) refers to aeabi_sdiv_div0.o(.text) for __arm_div2
    __main.o(!!!main) refers to __rtentry.o(.ARM.Collect$$rtentry$$00000000) for __rt_entry
    __rtentry.o(.ARM.Collect$$rtentry$$00000000) refers (Special) to __rtentry2.o(.ARM.Collect$$rtentry$$0000000A) for __rt_entry_li
    __rtentry.o(.ARM.Collect$$rtentry$$00000000) refers (Special) to __rtentry2.o(.ARM.Collect$$rtentry$$0000000D) for __rt_entry_main
    __rtentry.o(.ARM.Collect$$rtentry$$00000000) refers (Special) to __rtentry2.o(.ARM.Collect$$rtentry$$0000000C) for __rt_entry_postli_1
    __rtentry.o(.ARM.Collect$$rtentry$$00000000) refers (Special) to __rtentry2.o(.ARM.Collect$$rtentry$$00000009) for __rt_entry_postsh_1
    __rtentry.o(.ARM.Collect$$rtentry$$00000000) refers (Special) to __rtentry2.o(.ARM.Collect$$rtentry$$00000002) for __rt_entry_presh_1
    __rtentry.o(.ARM.Collect$$rtentry$$00000000) refers (Special) to __rtentry4.o(.ARM.Collect$$rtentry$$00000004) for __rt_entry_sh
    aeabi_idiv0_sigfpe.o(.text) refers to rt_div0.o(.text) for __rt_div0
    _printf_intcommon.o(.text) refers to __printf.o(i.__ARM_common_call_via_r2) for __ARM_common_call_via_r2
    _printf_char_common.o(.text) refers to __printf.o(.text) for __printf
    _printf_char.o(.text) refers (Weak) to _printf_str.o(.text) for _printf_str
    __rtentry2.o(.ARM.Collect$$rtentry$$00000008) refers to boardinit2.o(.text) for _platform_post_stackheap_init
    __rtentry2.o(.ARM.Collect$$rtentry$$0000000A) refers to libinit.o(.ARM.Collect$$libinit$$00000000) for __rt_lib_init
    __rtentry2.o(.ARM.Collect$$rtentry$$0000000B) refers to boardinit3.o(.text) for _platform_post_lib_init
    __rtentry2.o(.ARM.Collect$$rtentry$$0000000D) refers to exit.o(.text) for exit
    __rtentry2.o(.ARM.Collect$$rtentry$$0000000D) refers to main.o(.text) for main
    __rtentry2.o(.ARM.exidx) refers to __rtentry2.o(.ARM.Collect$$rtentry$$00000001) for .ARM.Collect$$rtentry$$00000001
    __rtentry2.o(.ARM.exidx) refers to __rtentry2.o(.ARM.Collect$$rtentry$$00000008) for .ARM.Collect$$rtentry$$00000008
    __rtentry2.o(.ARM.exidx) refers to __rtentry2.o(.ARM.Collect$$rtentry$$0000000A) for .ARM.Collect$$rtentry$$0000000A
    __rtentry2.o(.ARM.exidx) refers to __rtentry2.o(.ARM.Collect$$rtentry$$0000000B) for .ARM.Collect$$rtentry$$0000000B
    __rtentry2.o(.ARM.exidx) refers to __rtentry2.o(.ARM.Collect$$rtentry$$0000000D) for .ARM.Collect$$rtentry$$0000000D
    __rtentry4.o(.ARM.Collect$$rtentry$$00000004) refers to sys_stackheap_outer.o(.text) for __user_setup_stackheap
    __rtentry4.o(.ARM.exidx) refers to __rtentry4.o(.ARM.Collect$$rtentry$$00000004) for .ARM.Collect$$rtentry$$00000004
    rt_div0.o(.text) refers to defsig_fpe_outer.o(.text) for __rt_SIGFPE
    __printf_nopercent.o(.text) refers to __printf_nopercent.o(i.__ARM_common_call_via_r7) for __ARM_common_call_via_r7
    __printf_nopercent.o(.text) refers to __printf_nopercent.o(i.__ARM_common_call_via_r5) for __ARM_common_call_via_r5
    sys_stackheap_outer.o(.text) refers to libspace.o(.text) for __user_perproc_libspace
    sys_stackheap_outer.o(.text) refers to startup.o(.text) for __user_initial_stackheap
    exit.o(.text) refers to rtexit.o(.ARM.Collect$$rtexit$$00000000) for __rt_exit
    defsig_fpe_outer.o(.text) refers to defsig_fpe_inner.o(.text) for __rt_SIGFPE_inner
    defsig_fpe_outer.o(.text) refers to defsig_exit.o(.text) for __sig_exit
    defsig_fpe_formal.o(.text) refers to rt_raise.o(.text) for __rt_raise
    libinit.o(.ARM.Collect$$libinit$$00000000) refers (Special) to libinit2.o(.ARM.Collect$$libinit$$0000002E) for __rt_lib_init_alloca_1
    libinit.o(.ARM.Collect$$libinit$$00000000) refers (Special) to libinit2.o(.ARM.Collect$$libinit$$0000002C) for __rt_lib_init_argv_1
    libinit.o(.ARM.Collect$$libinit$$00000000) refers (Special) to libinit2.o(.ARM.Collect$$libinit$$0000001B) for __rt_lib_init_atexit_1
    libinit.o(.ARM.Collect$$libinit$$00000000) refers (Special) to libinit2.o(.ARM.Collect$$libinit$$00000021) for __rt_lib_init_clock_1
    libinit.o(.ARM.Collect$$libinit$$00000000) refers (Special) to libinit2.o(.ARM.Collect$$libinit$$00000032) for __rt_lib_init_cpp_1
    libinit.o(.ARM.Collect$$libinit$$00000000) refers (Special) to libinit2.o(.ARM.Collect$$libinit$$00000030) for __rt_lib_init_exceptions_1
    libinit.o(.ARM.Collect$$libinit$$00000000) refers (Special) to libinit2.o(.ARM.Collect$$libinit$$00000002) for __rt_lib_init_fp_1
    libinit.o(.ARM.Collect$$libinit$$00000000) refers (Special) to libinit2.o(.ARM.Collect$$libinit$$0000001F) for __rt_lib_init_fp_trap_1
    libinit.o(.ARM.Collect$$libinit$$00000000) refers (Special) to libinit2.o(.ARM.Collect$$libinit$$00000023) for __rt_lib_init_getenv_1
    libinit.o(.ARM.Collect$$libinit$$00000000) refers (Special) to libinit2.o(.ARM.Collect$$libinit$$0000000A) for __rt_lib_init_heap_1
    libinit.o(.ARM.Collect$$libinit$$00000000) refers (Special) to libinit2.o(.ARM.Collect$$libinit$$00000011) for __rt_lib_init_lc_collate_1
    libinit.o(.ARM.Collect$$libinit$$00000000) refers (Special) to libinit2.o(.ARM.Collect$$libinit$$00000013) for __rt_lib_init_lc_ctype_1
    libinit.o(.ARM.Collect$$libinit$$00000000) refers (Special) to libinit2.o(.ARM.Collect$$libinit$$00000015) for __rt_lib_init_lc_monetary_1
    libinit.o(.ARM.Collect$$libinit$$00000000) refers (Special) to libinit2.o(.ARM.Collect$$libinit$$00000017) for __rt_lib_init_lc_numeric_1
    libinit.o(.ARM.Collect$$libinit$$00000000) refers (Special) to libinit2.o(.ARM.Collect$$libinit$$00000019) for __rt_lib_init_lc_time_1
    libinit.o(.ARM.Collect$$libinit$$00000000) refers (Special) to libinit2.o(.ARM.Collect$$libinit$$00000004) for __rt_lib_init_preinit_1
    libinit.o(.ARM.Collect$$libinit$$00000000) refers (Special) to libinit2.o(.ARM.Collect$$libinit$$0000000E) for __rt_lib_init_rand_1
    libinit.o(.ARM.Collect$$libinit$$00000000) refers (Special) to libinit2.o(.ARM.Collect$$libinit$$00000033) for __rt_lib_init_return
    libinit.o(.ARM.Collect$$libinit$$00000000) refers (Special) to libinit2.o(.ARM.Collect$$libinit$$0000001D) for __rt_lib_init_signal_1
    libinit.o(.ARM.Collect$$libinit$$00000000) refers (Special) to libinit2.o(.ARM.Collect$$libinit$$00000025) for __rt_lib_init_stdio_1
    libinit.o(.ARM.Collect$$libinit$$00000000) refers (Special) to libinit2.o(.ARM.Collect$$libinit$$0000000C) for __rt_lib_init_user_alloc_1
    libspace.o(.text) refers to libspace.o(.bss) for __libspace_start
    rtexit.o(.ARM.Collect$$rtexit$$00000000) refers (Special) to rtexit2.o(.ARM.Collect$$rtexit$$00000004) for __rt_exit_exit
    rtexit.o(.ARM.Collect$$rtexit$$00000000) refers (Special) to rtexit2.o(.ARM.Collect$$rtexit$$00000003) for __rt_exit_ls
    rtexit.o(.ARM.Collect$$rtexit$$00000000) refers (Special) to rtexit2.o(.ARM.Collect$$rtexit$$00000002) for __rt_exit_prels_1
    rtexit.o(.ARM.exidx) refers (Special) to rtexit2.o(.ARM.Collect$$rtexit$$00000004) for __rt_exit_exit
    rtexit.o(.ARM.exidx) refers (Special) to rtexit2.o(.ARM.Collect$$rtexit$$00000003) for __rt_exit_ls
    rtexit.o(.ARM.exidx) refers (Special) to rtexit2.o(.ARM.Collect$$rtexit$$00000002) for __rt_exit_prels_1
    rtexit.o(.ARM.exidx) refers to rtexit.o(.ARM.Collect$$rtexit$$00000000) for .ARM.Collect$$rtexit$$00000000
    rt_raise.o(.text) refers to __raise.o(.text) for __raise
    rt_raise.o(.text) refers to sys_exit.o(.text) for _sys_exit
    defsig_exit.o(.text) refers to sys_exit.o(.text) for _sys_exit
    defsig_fpe_inner.o(.text) refers to defsig_general.o(.text) for __default_signal_display
    libinit2.o(.ARM.Collect$$libinit$$00000001) refers to fpinit.o(x$fpl$fpinit) for _fp_init
    libinit2.o(.ARM.Collect$$libinit$$00000010) refers to libinit2.o(.ARM.Collect$$libinit$$0000000F) for .ARM.Collect$$libinit$$0000000F
    libinit2.o(.ARM.Collect$$libinit$$00000012) refers to libinit2.o(.ARM.Collect$$libinit$$0000000F) for .ARM.Collect$$libinit$$0000000F
    libinit2.o(.ARM.Collect$$libinit$$00000014) refers to libinit2.o(.ARM.Collect$$libinit$$0000000F) for .ARM.Collect$$libinit$$0000000F
    libinit2.o(.ARM.Collect$$libinit$$00000016) refers to libinit2.o(.ARM.Collect$$libinit$$0000000F) for .ARM.Collect$$libinit$$0000000F
    libinit2.o(.ARM.Collect$$libinit$$00000018) refers to libinit2.o(.ARM.Collect$$libinit$$0000000F) for .ARM.Collect$$libinit$$0000000F
    libinit2.o(.ARM.Collect$$libinit$$00000026) refers to argv_veneer.o(.emb_text) for __ARM_argv_veneer
    libinit2.o(.ARM.Collect$$libinit$$00000027) refers to argv_veneer.o(.emb_text) for __ARM_argv_veneer
    sys_exit.o(.text) refers (Special) to use_no_semi.o(.text) for __I$use$semihosting
    sys_exit.o(.text) refers (Special) to indicate_semi.o(.text) for __semihosting_library_function
    rtexit2.o(.ARM.Collect$$rtexit$$00000003) refers to libshutdown.o(.ARM.Collect$$libshutdown$$00000000) for __rt_lib_shutdown
    rtexit2.o(.ARM.Collect$$rtexit$$00000004) refers to sys_exit.o(.text) for _sys_exit
    rtexit2.o(.ARM.exidx) refers to rtexit2.o(.ARM.Collect$$rtexit$$00000001) for .ARM.Collect$$rtexit$$00000001
    rtexit2.o(.ARM.exidx) refers to rtexit2.o(.ARM.Collect$$rtexit$$00000003) for .ARM.Collect$$rtexit$$00000003
    rtexit2.o(.ARM.exidx) refers to rtexit2.o(.ARM.Collect$$rtexit$$00000004) for .ARM.Collect$$rtexit$$00000004
    __raise.o(.text) refers to __printf.o(i.__ARM_common_call_via_r2) for __ARM_common_call_via_r2
    __raise.o(.text) refers to defsig.o(CL$$defsig) for __default_signal_handler
    defsig_general.o(.text) refers to sys_wrch.o(.text) for _ttywrch
    argv_veneer.o(.emb_text) refers to no_argv.o(.text) for __ARM_get_argv
    sys_wrch.o(.text) refers (Special) to use_no_semi.o(.text) for __I$use$semihosting
    sys_wrch.o(.text) refers (Special) to indicate_semi.o(.text) for __semihosting_library_function
    defsig.o(CL$$defsig) refers to defsig_fpe_inner.o(.text) for __rt_SIGFPE_inner
    defsig.o(CL$$defsig) refers to defsig_rtmem_inner.o(.text) for __rt_SIGRTMEM_inner
    _get_argv_nomalloc.o(.text) refers (Special) to hrguard.o(.text) for __heap_region$guard
    _get_argv_nomalloc.o(.text) refers to defsig_rtmem_outer.o(.text) for __rt_SIGRTMEM
    _get_argv_nomalloc.o(.text) refers to sys_command.o(.text) for _sys_command_string
    libshutdown.o(.ARM.Collect$$libshutdown$$00000000) refers (Special) to libshutdown2.o(.ARM.Collect$$libshutdown$$00000002) for __rt_lib_shutdown_cpp_1
    libshutdown.o(.ARM.Collect$$libshutdown$$00000000) refers (Special) to libshutdown2.o(.ARM.Collect$$libshutdown$$00000007) for __rt_lib_shutdown_fp_trap_1
    libshutdown.o(.ARM.Collect$$libshutdown$$00000000) refers (Special) to libshutdown2.o(.ARM.Collect$$libshutdown$$0000000F) for __rt_lib_shutdown_heap_1
    libshutdown.o(.ARM.Collect$$libshutdown$$00000000) refers (Special) to libshutdown2.o(.ARM.Collect$$libshutdown$$00000010) for __rt_lib_shutdown_return
    libshutdown.o(.ARM.Collect$$libshutdown$$00000000) refers (Special) to libshutdown2.o(.ARM.Collect$$libshutdown$$0000000A) for __rt_lib_shutdown_signal_1
    libshutdown.o(.ARM.Collect$$libshutdown$$00000000) refers (Special) to libshutdown2.o(.ARM.Collect$$libshutdown$$00000004) for __rt_lib_shutdown_stdio_1
    libshutdown.o(.ARM.Collect$$libshutdown$$00000000) refers (Special) to libshutdown2.o(.ARM.Collect$$libshutdown$$0000000C) for __rt_lib_shutdown_user_alloc_1
    sys_command.o(.text) refers (Special) to use_no_semi.o(.text) for __I$use$semihosting
    sys_command.o(.text) refers (Special) to indicate_semi.o(.text) for __semihosting_library_function
    defsig_abrt_inner.o(.text) refers to defsig_general.o(.text) for __default_signal_display
    defsig_rtred_inner.o(.text) refers to defsig_general.o(.text) for __default_signal_display
    defsig_rtmem_inner.o(.text) refers to defsig_general.o(.text) for __default_signal_display
    defsig_rtmem_outer.o(.text) refers to defsig_rtmem_inner.o(.text) for __rt_SIGRTMEM_inner
    defsig_rtmem_outer.o(.text) refers to defsig_exit.o(.text) for __sig_exit
    defsig_rtmem_formal.o(.text) refers to rt_raise.o(.text) for __rt_raise
    defsig_stak_inner.o(.text) refers to defsig_general.o(.text) for __default_signal_display
    defsig_pvfn_inner.o(.text) refers to defsig_general.o(.text) for __default_signal_display
    defsig_cppl_inner.o(.text) refers to defsig_general.o(.text) for __default_signal_display
    defsig_segv_inner.o(.text) refers to defsig_general.o(.text) for __default_signal_display
    defsig_other.o(.text) refers to defsig_general.o(.text) for __default_signal_display


==============================================================================

Removing Unused input sections from the image.

    Removing partest.o(.text), (80 bytes).
    Removing queue.o(.text), (2224 bytes).

2 unused section(s) (total 2304 bytes) removed from the image.

==============================================================================

Adding Veneers to the image

    Adding TA veneer (4 bytes, Inline) for call to '_printf_percent' from __printf.o(.text).
    Adding AT veneer (8 bytes, Inline) for call to '__rt_lib_init' from __rtentry2.o(.ARM.Collect$$rtentry$$0000000A).
    Adding AT veneer (8 bytes, Inline) for call to '__rt_lib_shutdown' from rtexit2.o(.ARM.Collect$$rtexit$$00000003).
    Adding TA veneer (4 bytes, Inline) for call to '__rt_exit' from exit.o(.text).
    Adding AT veneer (8 bytes, Inline) for call to '_printf_int_dec' from _printf_u.o(.ARM.Collect$$_printf_percent$$0000000A).
    Adding TA veneer (4 bytes, Inline) for call to '__aeabi_memset' from tasks.o(.text).
    Adding TA veneer (4 bytes, Inline) for call to '__aeabi_memclr' from heap_2.o(.text).
    Adding TA veneer (4 bytes, Inline) for call to '__aeabi_memclr4' from tasks.o(.text).
    Adding TA veneer (4 bytes, Inline) for call to '__aeabi_idivmod' from tasks.o(.text).
    Adding AT veneer (8 bytes, Inline) for call to '_printf_char' from _printf_c.o(.ARM.Collect$$_printf_percent$$00000013).
    Adding TA veneer (4 bytes, Inline) for call to '__rt_udiv10' from _printf_dec.o(.text).
    Adding AT veneer (8 bytes, Inline) for call to '_sys_exit' from rtexit2.o(.ARM.Collect$$rtexit$$00000004).
    Adding TA veneer (4 bytes, Inline) for call to '__aeabi_uidivmod' from serial.o(.text).
    Adding TA veneer (4 bytes, Inline) for call to 'vPortStartFirstTask' from port.o(.text).
    Adding TA veneer (8 bytes, Short) for call to 'vPortYield' from tasks.o(.text).
    Adding TA veneer (4 bytes, Inline) for call to '__ARM_common_disable_irq' from tasks.o(.text).
    Adding TA veneer (4 bytes, Inline) for call to '__ARM_common_enable_irq' from port.o(.text).
    Adding TA veneer (4 bytes, Inline) for call to '__ARM_common_switch8' from tasks.o(.text).

18 Veneer(s) (total 96 bytes) added to the image.

==============================================================================

Image Symbol Table

    Local Symbols

    Symbol Name                              Value     Ov Type        Size  Object(Section)

    RESET                                    0x00000000   Section      260  startup.o(RESET)
    ../clib/angel/boardlib.s                 0x00000000   Number         0  boardinit3.o ABSOLUTE
    ../clib/angel/boardlib.s                 0x00000000   Number         0  boardinit1.o ABSOLUTE
    ../clib/angel/boardlib.s                 0x00000000   Number         0  boardinit2.o ABSOLUTE
    ../clib/angel/boardlib.s                 0x00000000   Number         0  boardshut.o ABSOLUTE
    ../clib/angel/handlers.s                 0x00000000   Number         0  __scatter_copy.o ABSOLUTE
    ../clib/angel/handlers.s                 0x00000000   Number         0  __scatter_zi.o ABSOLUTE
    ../clib/angel/kernel.s                   0x00000000   Number         0  rtexit.o ABSOLUTE
    ../clib/angel/kernel.s                   0x00000000   Number         0  __rtentry4.o ABSOLUTE
    ../clib/angel/kernel.s                   0x00000000   Number         0  __rtentry.o ABSOLUTE
    ../clib/angel/kernel.s                   0x00000000   Number         0  __rtentry2.o ABSOLUTE
    ../clib/angel/kernel.s                   0x00000000   Number         0  rtexit2.o ABSOLUTE
    ../clib/angel/rt.s                       0x00000000   Number         0  rt_raise.o ABSOLUTE
    ../clib/angel/rt.s                       0x00000000   Number         0  rt_div0.o ABSOLUTE
    ../clib/angel/rt.s                       0x00000000   Number         0  aeabi_idiv0.o ABSOLUTE
    ../clib/angel/rt.s                       0x00000000   Number         0  aeabi_idiv0_sigfpe.o ABSOLUTE
    ../clib/angel/scatter.s                  0x00000000   Number         0  __scatter.o ABSOLUTE
    ../clib/angel/startup.s                  0x00000000   Number         0  __main.o ABSOLUTE
    ../clib/angel/sys.s                      0x00000000   Number         0  sys_stackheap_outer.o ABSOLUTE
    ../clib/angel/sys.s                      0x00000000   Number         0  use_no_semi.o ABSOLUTE
    ../clib/angel/sys.s                      0x00000000   Number         0  indicate_semi.o ABSOLUTE
    ../clib/angel/sys.s                      0x00000000   Number         0  libspace.o ABSOLUTE
    ../clib/angel/sysapp.c                   0x00000000   Number         0  sys_command.o ABSOLUTE
    ../clib/angel/sysapp.c                   0x00000000   Number         0  sys_exit.o ABSOLUTE
    ../clib/angel/sysapp.c                   0x00000000   Number         0  sys_wrch.o ABSOLUTE
    ../clib/armsys.c                         0x00000000   Number         0  _get_argv_nomalloc.o ABSOLUTE
    ../clib/armsys.c                         0x00000000   Number         0  no_argv.o ABSOLUTE
    ../clib/armsys.c                         0x00000000   Number         0  argv_veneer.o ABSOLUTE
    ../clib/armsys.c                         0x00000000   Number         0  argv_veneer.o ABSOLUTE
    ../clib/division.s                       0x00000000   Number         0  rtudiv10.o ABSOLUTE
    ../clib/division.s                       0x00000000   Number         0  aeabi_sdiv_div0.o ABSOLUTE
    ../clib/division.s                       0x00000000   Number         0  aeabi_sdiv.o ABSOLUTE
    ../clib/divrt.s                          0x00000000   Number         0  divrt_7tdmi_div0.o ABSOLUTE
    ../clib/divrt.s                          0x00000000   Number         0  divrt_7tdmi.o ABSOLUTE
    ../clib/heapalloc.c                      0x00000000   Number         0  hrguard.o ABSOLUTE
    ../clib/heapaux.c                        0x00000000   Number         0  heapauxi.o ABSOLUTE
    ../clib/libinit.s                        0x00000000   Number         0  libinit2.o ABSOLUTE
    ../clib/libinit.s                        0x00000000   Number         0  libshutdown.o ABSOLUTE
    ../clib/libinit.s                        0x00000000   Number         0  libinit.o ABSOLUTE
    ../clib/libinit.s                        0x00000000   Number         0  libshutdown2.o ABSOLUTE
    ../clib/memcpset.s                       0x00000000   Number         0  rt_memcpy.o ABSOLUTE
    ../clib/memcpset.s                       0x00000000   Number         0  aeabi_memset.o ABSOLUTE
    ../clib/memcpset.s                       0x00000000   Number         0  rt_memclr.o ABSOLUTE
    ../clib/memcpset.s                       0x00000000   Number         0  rt_memclr_w.o ABSOLUTE
    ../clib/memcpset.s                       0x00000000   Number         0  rt_memcpy_w.o ABSOLUTE
    ../clib/printf.c                         0x00000000   Number         0  __printf_nopercent.o ABSOLUTE
    ../clib/printf.c                         0x00000000   Number         0  __printf.o ABSOLUTE
    ../clib/printf.c                         0x00000000   Number         0  _printf_str.o ABSOLUTE
    ../clib/printf.c                         0x00000000   Number         0  _printf_dec.o ABSOLUTE
    ../clib/printf.c                         0x00000000   Number         0  __printf_flags.o ABSOLUTE
    ../clib/printf.c                         0x00000000   Number         0  __printf_ss.o ABSOLUTE
    ../clib/printf.c                         0x00000000   Number         0  __printf_flags_ss.o ABSOLUTE
    ../clib/printf.c                         0x00000000   Number         0  __printf_flags_wp.o ABSOLUTE
    ../clib/printf.c                         0x00000000   Number         0  _printf_char.o ABSOLUTE
    ../clib/printf.c                         0x00000000   Number         0  __printf_ss_wp.o ABSOLUTE
    ../clib/printf.c                         0x00000000   Number         0  __printf_flags_ss_wp.o ABSOLUTE
    ../clib/printf.c                         0x00000000   Number         0  __printf_wp.o ABSOLUTE
    ../clib/printf.c                         0x00000000   Number         0  _sputc.o ABSOLUTE
    ../clib/printf.c                         0x00000000   Number         0  _printf_char_common.o ABSOLUTE
    ../clib/printf.c                         0x00000000   Number         0  __2sprintf.o ABSOLUTE
    ../clib/printf.c                         0x00000000   Number         0  noretval__2sprintf.o ABSOLUTE
    ../clib/printf.c                         0x00000000   Number         0  _printf_intcommon.o ABSOLUTE
    ../clib/printf_percent.s                 0x00000000   Number         0  _printf_percent_end.o ABSOLUTE
    ../clib/printf_percent.s                 0x00000000   Number         0  _printf_c.o ABSOLUTE
    ../clib/printf_percent.s                 0x00000000   Number         0  _printf_u.o ABSOLUTE
    ../clib/printf_percent.s                 0x00000000   Number         0  _printf_percent.o ABSOLUTE
    ../clib/signal.c                         0x00000000   Number         0  defsig_fpe_outer.o ABSOLUTE
    ../clib/signal.c                         0x00000000   Number         0  defsig_fpe_formal.o ABSOLUTE
    ../clib/signal.c                         0x00000000   Number         0  defsig_abrt_inner.o ABSOLUTE
    ../clib/signal.c                         0x00000000   Number         0  defsig_rtred_inner.o ABSOLUTE
    ../clib/signal.c                         0x00000000   Number         0  defsig_rtmem_inner.o ABSOLUTE
    ../clib/signal.c                         0x00000000   Number         0  defsig_fpe_inner.o ABSOLUTE
    ../clib/signal.c                         0x00000000   Number         0  defsig_exit.o ABSOLUTE
    ../clib/signal.c                         0x00000000   Number         0  defsig_stak_inner.o ABSOLUTE
    ../clib/signal.c                         0x00000000   Number         0  defsig_other.o ABSOLUTE
    ../clib/signal.c                         0x00000000   Number         0  defsig_pvfn_inner.o ABSOLUTE
    ../clib/signal.c                         0x00000000   Number         0  __raise.o ABSOLUTE
    ../clib/signal.c                         0x00000000   Number         0  defsig_general.o ABSOLUTE
    ../clib/signal.c                         0x00000000   Number         0  defsig_rtmem_outer.o ABSOLUTE
    ../clib/signal.c                         0x00000000   Number         0  defsig_rtmem_formal.o ABSOLUTE
    ../clib/signal.c                         0x00000000   Number         0  defsig_cppl_inner.o ABSOLUTE
    ../clib/signal.c                         0x00000000   Number         0  defsig_segv_inner.o ABSOLUTE
    ../clib/signal.s                         0x00000000   Number         0  defsig.o ABSOLUTE
    ../clib/stdlib.c                         0x00000000   Number         0  exit.o ABSOLUTE
    ../clib/string.c                         0x00000000   Number         0  strlen.o ABSOLUTE
    ../clib/string.c                         0x00000000   Number         0  strcpy.o ABSOLUTE
    ../fplib/fpinit.s                        0x00000000   Number         0  fpinit.o ABSOLUTE
    ..\..\Source\list.c                      0x00000000   Number         0  list.o ABSOLUTE
    ..\..\Source\portable\MemMang\heap_2.c   0x00000000   Number         0  heap_2.o ABSOLUTE
    ..\..\Source\portable\RVDS\ARM7_LPC21xx\port.c 0x00000000   Number         0  port.o ABSOLUTE
    ..\..\Source\portable\RVDS\ARM7_LPC21xx\portASM.s 0x00000000   Number         0  portasm.o ABSOLUTE
    ..\..\Source\queue.c                     0x00000000   Number         0  queue.o ABSOLUTE
    ..\..\Source\tasks.c                     0x00000000   Number         0  tasks.o ABSOLUTE
    ParTest\ParTest.c                        0x00000000   Number         0  partest.o ABSOLUTE
    Starter_Files_V1\source\GPIO.c           0x00000000   Number         0  gpio.o ABSOLUTE
    Starter_Files_V1\source\GPIO_cfg.c       0x00000000   Number         0  gpio_cfg.o ABSOLUTE
    Starter_Files_V1\source\main.c           0x00000000   Number         0  main.o ABSOLUTE
    Starter_Files_V1\source\serial.c         0x00000000   Number         0  serial.o ABSOLUTE
    Startup.s                                0x00000000   Number         0  startup.o ABSOLUTE
    dc.s                                     0x00000000   Number         0  dc.o ABSOLUTE
    serial\serialISR.s                       0x00000000   Number         0  serialisr.o ABSOLUTE
    Undef_Handler                            0x00000040   ARM Code       4  startup.o(RESET)
    PAbt_Handler                             0x00000048   ARM Code       4  startup.o(RESET)
    DAbt_Handler                             0x0000004c   ARM Code       4  startup.o(RESET)
    IRQ_Handler                              0x00000050   ARM Code       4  startup.o(RESET)
    FIQ_Handler                              0x00000054   ARM Code       4  startup.o(RESET)
    !!!main                                  0x00000104   Section        8  __main.o(!!!main)
    !!!scatter                               0x0000010c   Section       60  __scatter.o(!!!scatter)
    !!handler_copy                           0x00000148   Section       40  __scatter_copy.o(!!handler_copy)
    !!handler_zi                             0x00000170   Section       44  __scatter_zi.o(!!handler_zi)
    .ARM.Collect$$_printf_percent$$00000000  0x000001a0   Section        0  _printf_percent.o(.ARM.Collect$$_printf_percent$$00000000)
    .ARM.Collect$$_printf_percent$$0000000A  0x000001a0   Section        8  _printf_u.o(.ARM.Collect$$_printf_percent$$0000000A)
    .ARM.Collect$$_printf_percent$$00000013  0x000001a8   Section        8  _printf_c.o(.ARM.Collect$$_printf_percent$$00000013)
    .ARM.Collect$$_printf_percent$$00000017  0x000001b0   Section        8  _printf_percent_end.o(.ARM.Collect$$_printf_percent$$00000017)
    .ARM.Collect$$libinit$$00000000          0x000001c0   Section        2  libinit.o(.ARM.Collect$$libinit$$00000000)
    .ARM.Collect$$libinit$$00000002          0x000001c2   Section        0  libinit2.o(.ARM.Collect$$libinit$$00000002)
    .ARM.Collect$$libinit$$00000004          0x000001c2   Section        0  libinit2.o(.ARM.Collect$$libinit$$00000004)
    .ARM.Collect$$libinit$$0000000A          0x000001c2   Section        0  libinit2.o(.ARM.Collect$$libinit$$0000000A)
    .ARM.Collect$$libinit$$0000000C          0x000001c2   Section        0  libinit2.o(.ARM.Collect$$libinit$$0000000C)
    .ARM.Collect$$libinit$$0000000E          0x000001c2   Section        0  libinit2.o(.ARM.Collect$$libinit$$0000000E)
    .ARM.Collect$$libinit$$00000011          0x000001c2   Section        0  libinit2.o(.ARM.Collect$$libinit$$00000011)
    .ARM.Collect$$libinit$$00000013          0x000001c2   Section        0  libinit2.o(.ARM.Collect$$libinit$$00000013)
    .ARM.Collect$$libinit$$00000015          0x000001c2   Section        0  libinit2.o(.ARM.Collect$$libinit$$00000015)
    .ARM.Collect$$libinit$$00000017          0x000001c2   Section        0  libinit2.o(.ARM.Collect$$libinit$$00000017)
    .ARM.Collect$$libinit$$00000019          0x000001c2   Section        0  libinit2.o(.ARM.Collect$$libinit$$00000019)
    .ARM.Collect$$libinit$$0000001B          0x000001c2   Section        0  libinit2.o(.ARM.Collect$$libinit$$0000001B)
    .ARM.Collect$$libinit$$0000001D          0x000001c2   Section        0  libinit2.o(.ARM.Collect$$libinit$$0000001D)
    .ARM.Collect$$libinit$$0000001F          0x000001c2   Section        0  libinit2.o(.ARM.Collect$$libinit$$0000001F)
    .ARM.Collect$$libinit$$00000021          0x000001c2   Section        0  libinit2.o(.ARM.Collect$$libinit$$00000021)
    .ARM.Collect$$libinit$$00000023          0x000001c2   Section        0  libinit2.o(.ARM.Collect$$libinit$$00000023)
    .ARM.Collect$$libinit$$00000025          0x000001c2   Section        0  libinit2.o(.ARM.Collect$$libinit$$00000025)
    .ARM.Collect$$libinit$$0000002C          0x000001c2   Section        0  libinit2.o(.ARM.Collect$$libinit$$0000002C)
    .ARM.Collect$$libinit$$0000002E          0x000001c2   Section        0  libinit2.o(.ARM.Collect$$libinit$$0000002E)
    .ARM.Collect$$libinit$$00000030          0x000001c2   Section        0  libinit2.o(.ARM.Collect$$libinit$$00000030)
    .ARM.Collect$$libinit$$00000032          0x000001c2   Section        0  libinit2.o(.ARM.Collect$$libinit$$00000032)
    .ARM.Collect$$libinit$$00000033          0x000001c2   Section       12  libinit2.o(.ARM.Collect$$libinit$$00000033)
    .ARM.Collect$$libshutdown$$00000000      0x000001d8   Section        4  libshutdown.o(.ARM.Collect$$libshutdown$$00000000)
    .ARM.Collect$$libshutdown$$00000002      0x000001dc   Section        0  libshutdown2.o(.ARM.Collect$$libshutdown$$00000002)
    .ARM.Collect$$libshutdown$$00000004      0x000001dc   Section        0  libshutdown2.o(.ARM.Collect$$libshutdown$$00000004)
    .ARM.Collect$$libshutdown$$00000007      0x000001dc   Section        0  libshutdown2.o(.ARM.Collect$$libshutdown$$00000007)
    .ARM.Collect$$libshutdown$$0000000A      0x000001dc   Section        0  libshutdown2.o(.ARM.Collect$$libshutdown$$0000000A)
    .ARM.Collect$$libshutdown$$0000000C      0x000001dc   Section        0  libshutdown2.o(.ARM.Collect$$libshutdown$$0000000C)
    .ARM.Collect$$libshutdown$$0000000F      0x000001dc   Section        0  libshutdown2.o(.ARM.Collect$$libshutdown$$0000000F)
    .ARM.Collect$$libshutdown$$00000010      0x000001dc   Section        6  libshutdown2.o(.ARM.Collect$$libshutdown$$00000010)
    .ARM.Collect$$rtentry$$00000000          0x000001e4   Section        0  __rtentry.o(.ARM.Collect$$rtentry$$00000000)
    .ARM.Collect$$rtentry$$00000002          0x000001e4   Section        0  __rtentry2.o(.ARM.Collect$$rtentry$$00000002)
    .ARM.Collect$$rtentry$$00000004          0x000001e4   Section        8  __rtentry4.o(.ARM.Collect$$rtentry$$00000004)
    .ARM.Collect$$rtentry$$00000009          0x000001ec   Section        0  __rtentry2.o(.ARM.Collect$$rtentry$$00000009)
    .ARM.Collect$$rtentry$$0000000A          0x000001ec   Section        4  __rtentry2.o(.ARM.Collect$$rtentry$$0000000A)
    .ARM.Collect$$rtentry$$0000000C          0x000001f0   Section        0  __rtentry2.o(.ARM.Collect$$rtentry$$0000000C)
    .ARM.Collect$$rtentry$$0000000D          0x000001f0   Section       40  __rtentry2.o(.ARM.Collect$$rtentry$$0000000D)
    .ARM.Collect$$rtexit$$00000000           0x0000021c   Section        4  rtexit.o(.ARM.Collect$$rtexit$$00000000)
    .ARM.Collect$$rtexit$$00000002           0x00000220   Section        0  rtexit2.o(.ARM.Collect$$rtexit$$00000002)
    .ARM.Collect$$rtexit$$00000003           0x00000220   Section        4  rtexit2.o(.ARM.Collect$$rtexit$$00000003)
    .ARM.Collect$$rtexit$$00000004           0x00000224   Section        8  rtexit2.o(.ARM.Collect$$rtexit$$00000004)
    .text                                    0x0000022c   Section       32  startup.o(.text)
    .text                                    0x0000024c   Section      148  serialisr.o(.text)
    .text                                    0x000002e0   Section        0  gpio.o(.text)
    .text                                    0x00000448   Section        0  main.o(.text)
    configTimer1                             0x00000543   Thumb Code    22  main.o(.text)
    prvSetupHardware                         0x00000559   Thumb Code    30  main.o(.text)
    timer1Reset                              0x000005e5   Thumb Code    24  main.o(.text)
    .text                                    0x00000648   Section        0  serial.o(.text)
    .text                                    0x000007e8   Section        0  tasks.o(.text)
    prvInitialiseTaskLists                   0x000007e9   Thumb Code    78  tasks.o(.text)
    prvAddNewTaskToReadyList                 0x00000837   Thumb Code   126  tasks.o(.text)
    prvInitialiseNewTask                     0x000008b5   Thumb Code   146  tasks.o(.text)
    prvDeleteTCB                             0x000009d3   Thumb Code    22  tasks.o(.text)
    prvResetNextTaskUnblockTime              0x000009e9   Thumb Code    44  tasks.o(.text)
    prvAddCurrentTaskToDelayedList           0x00000cff   Thumb Code   144  tasks.o(.text)
    prvTaskIsTaskSuspended                   0x00001273   Thumb Code    66  tasks.o(.text)
    prvCheckTasksWaitingTermination          0x0000134f   Thumb Code    64  tasks.o(.text)
    prvIdleTask                              0x0000138f   Thumb Code    42  tasks.o(.text)
    prvTaskCheckFreeStackSpace               0x00001547   Thumb Code    24  tasks.o(.text)
    prvListTasksWithinSingleList             0x000015e3   Thumb Code   110  tasks.o(.text)
    prvWriteNameToBuffer                     0x00001a1b   Thumb Code    46  tasks.o(.text)
    .text                                    0x00002050   Section        0  list.o(.text)
    .text                                    0x000020e8   Section        0  port.o(.text)
    prvSetupTimerInterrupt                   0x00002169   Thumb Code    60  port.o(.text)
    .text                                    0x00002240   Section        0  heap_2.o(.text)
    prvHeapInit                              0x00002241   Thumb Code    38  heap_2.o(.text)
    .text                                    0x000023f8   Section        0  noretval__2sprintf.o(.text)
    .text                                    0x00002420   Section        0  __printf.o(.text)
    .text                                    0x00002496   Section        0  _printf_str.o(.text)
    .text                                    0x000024f8   Section        0  _printf_dec.o(.text)
    .text                                    0x00002568   Section        0  strcpy.o(.text)
    .text                                    0x000025b8   Section        0  strlen.o(.text)
    .text                                    0x00002600   Section       16  aeabi_memset.o(.text)
    .text                                    0x00002614   Section       64  rt_memclr.o(.text)
    .text                                    0x00002658   Section       84  rt_memclr_w.o(.text)
    .text                                    0x000026b0   Section      384  aeabi_sdiv.o(.text)
    __arm_div8                               0x000026dc   ARM Code       0  aeabi_sdiv.o(.text)
    __arm_div5                               0x00002700   ARM Code       0  aeabi_sdiv.o(.text)
    __arm_div2                               0x00002724   ARM Code       0  aeabi_sdiv.o(.text)
    __arm_div_large                          0x00002760   ARM Code       0  aeabi_sdiv.o(.text)
    .text                                    0x00002830   Section        0  heapauxi.o(.text)
    .text                                    0x00002836   Section        0  _printf_intcommon.o(.text)
    .text                                    0x000028f0   Section        0  _printf_char_common.o(.text)
    _printf_input_char                       0x000028f1   Thumb Code    10  _printf_char_common.o(.text)
    .text                                    0x00002920   Section        0  _sputc.o(.text)
    .text                                    0x00002934   Section        0  _printf_char.o(.text)
    .text                                    0x0000296c   Section       44  rtudiv10.o(.text)
    .text                                    0x00002998   Section       96  sys_stackheap_outer.o(.text)
    .text                                    0x000029f8   Section        0  exit.o(.text)
    .text                                    0x00002a0c   Section       12  libspace.o(.text)
    .text                                    0x00002a20   Section        0  sys_exit.o(.text)
    .text                                    0x00002a2c   Section        4  use_no_semi.o(.text)
    .text                                    0x00002a30   Section        0  indicate_semi.o(.text)
    .text_udiv                               0x00002a34   Section       36  aeabi_sdiv.o(.text_udiv)
    PORT_ASM                                 0x00002a5c   Section      396  portasm.o(PORT_ASM)
    i.__ARM_common_call_via_r1               0x00002bf0   Section        0  tasks.o(i.__ARM_common_call_via_r1)
    i.__ARM_common_call_via_r2               0x00002bf2   Section        0  __printf.o(i.__ARM_common_call_via_r2)
    i.__ARM_common_disable_irq               0x00002bf8   Section        0  tasks.o(i.__ARM_common_disable_irq)
    i.__ARM_common_enable_irq                0x00002c10   Section        0  port.o(i.__ARM_common_enable_irq)
    i.__ARM_common_switch8                   0x00002c24   Section        0  tasks.o(i.__ARM_common_switch8)
    .constdata                               0x00002c44   Section        7  gpio.o(.constdata)
    tagToPinMap                              0x00002c44   Data           7  gpio.o(.constdata)
    .data                                    0x40000000   Section       92  gpio_cfg.o(.data)
    .data                                    0x4000005c   Section       76  main.o(.data)
    .data                                    0x400000a8   Section        4  serial.o(.data)
    .data                                    0x400000ac   Section       72  tasks.o(.data)
    pxDelayedTaskList                        0x400000b0   Data           4  tasks.o(.data)
    pxOverflowDelayedTaskList                0x400000b4   Data           4  tasks.o(.data)
    uxDeletedTasksWaitingCleanUp             0x400000b8   Data           4  tasks.o(.data)
    uxCurrentNumberOfTasks                   0x400000bc   Data           4  tasks.o(.data)
    xTickCount                               0x400000c0   Data           4  tasks.o(.data)
    uxTopReadyPriority                       0x400000c4   Data           4  tasks.o(.data)
    xSchedulerRunning                        0x400000c8   Data           4  tasks.o(.data)
    xPendedTicks                             0x400000cc   Data           4  tasks.o(.data)
    xYieldPending                            0x400000d0   Data           4  tasks.o(.data)
    xNumOfOverflows                          0x400000d4   Data           4  tasks.o(.data)
    uxTaskNumber                             0x400000d8   Data           4  tasks.o(.data)
    xNextTaskUnblockTime                     0x400000dc   Data           4  tasks.o(.data)
    xIdleTaskHandle                          0x400000e0   Data           4  tasks.o(.data)
    uxSchedulerSuspended                     0x400000e8   Data           4  tasks.o(.data)
    ulTaskSwitchedInTime                     0x400000ec   Data           4  tasks.o(.data)
    ulTotalRunTime                           0x400000f0   Data           4  tasks.o(.data)
    .data                                    0x400000f4   Section        4  port.o(.data)
    .data                                    0x400000f8   Section       24  heap_2.o(.data)
    xStart                                   0x400000f8   Data           8  heap_2.o(.data)
    xEnd                                     0x40000100   Data           8  heap_2.o(.data)
    xFreeBytesRemaining                      0x40000108   Data           4  heap_2.o(.data)
    xHeapHasBeenInitialised                  0x4000010c   Data           4  heap_2.o(.data)
    .bss                                     0x40000110   Section      200  serial.o(.bss)
    .bss                                     0x400001d8   Section      200  tasks.o(.bss)
    xReadyTasksListEDF                       0x400001d8   Data          20  tasks.o(.bss)
    pxReadyTasksLists                        0x400001ec   Data          80  tasks.o(.bss)
    xDelayedTaskList1                        0x4000023c   Data          20  tasks.o(.bss)
    xDelayedTaskList2                        0x40000250   Data          20  tasks.o(.bss)
    xPendingReadyList                        0x40000264   Data          20  tasks.o(.bss)
    xTasksWaitingTermination                 0x40000278   Data          20  tasks.o(.bss)
    xSuspendedTaskList                       0x4000028c   Data          20  tasks.o(.bss)
    .bss                                     0x400002a0   Section    13312  heap_2.o(.bss)
    ucHeap                                   0x400002a0   Data       13312  heap_2.o(.bss)
    .bss                                     0x400036a0   Section       96  libspace.o(.bss)
    HEAP                                     0x40003700   Section        0  startup.o(HEAP)
    STACK                                    0x40003700   Section     1568  startup.o(STACK)
    Heap_Mem                                 0x40003700   Data           0  startup.o(HEAP)
    Stack_Mem                                0x40003700   Data        1568  startup.o(STACK)
    Stack_Top                                0x40003d20   Data           0  startup.o(STACK)

    Global Symbols

    Symbol Name                              Value     Ov Type        Size  Object(Section)

    BuildAttributes$$THM_ISAv1$ARM_ISAv4$S$PE$A:L22$X:L11$S22$IEEE1$IW$USESV6$~STKCKD$USESV7$~SHL$OSPACE$ROPI$EBA8$UX$STANDARDLIB$REQ8$PRES8$EABIv2 0x00000000   Number         0  anon$$obj.o ABSOLUTE
    __ARM_use_no_argv                        0x00000000   Number         0  main.o ABSOLUTE
    __ARM_exceptions_init                     - Undefined Weak Reference
    __alloca_initialize                       - Undefined Weak Reference
    __arm_preinit_                            - Undefined Weak Reference
    __cpp_initialize__aeabi_                  - Undefined Weak Reference
    __cxa_finalize                            - Undefined Weak Reference
    __rt_locale                               - Undefined Weak Reference
    __sigvec_lookup                           - Undefined Weak Reference
    _atexit_init                              - Undefined Weak Reference
    _call_atexit_fns                          - Undefined Weak Reference
    _clock_init                               - Undefined Weak Reference
    _fp_trap_init                             - Undefined Weak Reference
    _fp_trap_shutdown                         - Undefined Weak Reference
    _get_lc_collate                           - Undefined Weak Reference
    _get_lc_ctype                             - Undefined Weak Reference
    _get_lc_monetary                          - Undefined Weak Reference
    _get_lc_numeric                           - Undefined Weak Reference
    _get_lc_time                              - Undefined Weak Reference
    _getenv_init                              - Undefined Weak Reference
    _handle_redirection                       - Undefined Weak Reference
    _init_alloc                               - Undefined Weak Reference
    _init_user_alloc                          - Undefined Weak Reference
    _initio                                   - Undefined Weak Reference
    _printf_mbtowc                            - Undefined Weak Reference
    _printf_post_padding                      - Undefined Weak Reference
    _printf_pre_padding                       - Undefined Weak Reference
    _printf_truncate_signed                   - Undefined Weak Reference
    _printf_truncate_unsigned                 - Undefined Weak Reference
    _rand_init                                - Undefined Weak Reference
    _signal_finish                            - Undefined Weak Reference
    _signal_init                              - Undefined Weak Reference
    _terminate_alloc                          - Undefined Weak Reference
    _terminate_user_alloc                     - Undefined Weak Reference
    _terminateio                              - Undefined Weak Reference
    Reset_Handler                            0x00000058   ARM Code       0  startup.o(RESET)
    __main                                   0x00000104   ARM Code       8  __main.o(!!!main)
    __scatterload                            0x0000010c   ARM Code       0  __scatter.o(!!!scatter)
    __scatterload_rt2                        0x0000010c   ARM Code      52  __scatter.o(!!!scatter)
    __scatterload_null                       0x00000120   ARM Code       0  __scatter.o(!!!scatter)
    __scatterload_copy                       0x00000148   ARM Code      40  __scatter_copy.o(!!handler_copy)
    __scatterload_zeroinit                   0x00000170   ARM Code      44  __scatter_zi.o(!!handler_zi)
    Inline Thumb to ARM Veneer to _printf_percent 0x0000019d   Thumb Code     4  _printf_percent.o(.ARM.Collect$$_printf_percent$$00000000)
    _printf_percent                          0x000001a0   ARM Code       0  _printf_percent.o(.ARM.Collect$$_printf_percent$$00000000)
    _printf_u                                0x000001a0   ARM Code       0  _printf_u.o(.ARM.Collect$$_printf_percent$$0000000A)
    _printf_c                                0x000001a8   ARM Code       0  _printf_c.o(.ARM.Collect$$_printf_percent$$00000013)
    _printf_percent_end                      0x000001b0   ARM Code       0  _printf_percent_end.o(.ARM.Collect$$_printf_percent$$00000017)
    Inline ARM to Thumb Veneer to __rt_lib_init 0x000001b8   ARM Code       8  libinit.o(.ARM.Collect$$libinit$$00000000)
    __rt_lib_init                            0x000001c1   Thumb Code     0  libinit.o(.ARM.Collect$$libinit$$00000000)
    __rt_lib_init_alloca_1                   0x000001c3   Thumb Code     0  libinit2.o(.ARM.Collect$$libinit$$0000002E)
    __rt_lib_init_argv_1                     0x000001c3   Thumb Code     0  libinit2.o(.ARM.Collect$$libinit$$0000002C)
    __rt_lib_init_atexit_1                   0x000001c3   Thumb Code     0  libinit2.o(.ARM.Collect$$libinit$$0000001B)
    __rt_lib_init_clock_1                    0x000001c3   Thumb Code     0  libinit2.o(.ARM.Collect$$libinit$$00000021)
    __rt_lib_init_cpp_1                      0x000001c3   Thumb Code     0  libinit2.o(.ARM.Collect$$libinit$$00000032)
    __rt_lib_init_exceptions_1               0x000001c3   Thumb Code     0  libinit2.o(.ARM.Collect$$libinit$$00000030)
    __rt_lib_init_fp_1                       0x000001c3   Thumb Code     0  libinit2.o(.ARM.Collect$$libinit$$00000002)
    __rt_lib_init_fp_trap_1                  0x000001c3   Thumb Code     0  libinit2.o(.ARM.Collect$$libinit$$0000001F)
    __rt_lib_init_getenv_1                   0x000001c3   Thumb Code     0  libinit2.o(.ARM.Collect$$libinit$$00000023)
    __rt_lib_init_heap_1                     0x000001c3   Thumb Code     0  libinit2.o(.ARM.Collect$$libinit$$0000000A)
    __rt_lib_init_lc_collate_1               0x000001c3   Thumb Code     0  libinit2.o(.ARM.Collect$$libinit$$00000011)
    __rt_lib_init_lc_ctype_1                 0x000001c3   Thumb Code     0  libinit2.o(.ARM.Collect$$libinit$$00000013)
    __rt_lib_init_lc_monetary_1              0x000001c3   Thumb Code     0  libinit2.o(.ARM.Collect$$libinit$$00000015)
    __rt_lib_init_lc_numeric_1               0x000001c3   Thumb Code     0  libinit2.o(.ARM.Collect$$libinit$$00000017)
    __rt_lib_init_lc_time_1                  0x000001c3   Thumb Code     0  libinit2.o(.ARM.Collect$$libinit$$00000019)
    __rt_lib_init_preinit_1                  0x000001c3   Thumb Code     0  libinit2.o(.ARM.Collect$$libinit$$00000004)
    __rt_lib_init_rand_1                     0x000001c3   Thumb Code     0  libinit2.o(.ARM.Collect$$libinit$$0000000E)
    __rt_lib_init_return                     0x000001c3   Thumb Code     0  libinit2.o(.ARM.Collect$$libinit$$00000033)
    __rt_lib_init_signal_1                   0x000001c3   Thumb Code     0  libinit2.o(.ARM.Collect$$libinit$$0000001D)
    __rt_lib_init_stdio_1                    0x000001c3   Thumb Code     0  libinit2.o(.ARM.Collect$$libinit$$00000025)
    __rt_lib_init_user_alloc_1               0x000001c3   Thumb Code     0  libinit2.o(.ARM.Collect$$libinit$$0000000C)
    Inline ARM to Thumb Veneer to __rt_lib_shutdown 0x000001d0   ARM Code       8  libshutdown.o(.ARM.Collect$$libshutdown$$00000000)
    __rt_lib_shutdown                        0x000001d9   Thumb Code     0  libshutdown.o(.ARM.Collect$$libshutdown$$00000000)
    __rt_lib_shutdown_cpp_1                  0x000001dd   Thumb Code     0  libshutdown2.o(.ARM.Collect$$libshutdown$$00000002)
    __rt_lib_shutdown_fp_trap_1              0x000001dd   Thumb Code     0  libshutdown2.o(.ARM.Collect$$libshutdown$$00000007)
    __rt_lib_shutdown_heap_1                 0x000001dd   Thumb Code     0  libshutdown2.o(.ARM.Collect$$libshutdown$$0000000F)
    __rt_lib_shutdown_return                 0x000001dd   Thumb Code     0  libshutdown2.o(.ARM.Collect$$libshutdown$$00000010)
    __rt_lib_shutdown_signal_1               0x000001dd   Thumb Code     0  libshutdown2.o(.ARM.Collect$$libshutdown$$0000000A)
    __rt_lib_shutdown_stdio_1                0x000001dd   Thumb Code     0  libshutdown2.o(.ARM.Collect$$libshutdown$$00000004)
    __rt_lib_shutdown_user_alloc_1           0x000001dd   Thumb Code     0  libshutdown2.o(.ARM.Collect$$libshutdown$$0000000C)
    __rt_entry                               0x000001e4   ARM Code       0  __rtentry.o(.ARM.Collect$$rtentry$$00000000)
    __rt_entry_presh_1                       0x000001e4   ARM Code       0  __rtentry2.o(.ARM.Collect$$rtentry$$00000002)
    __rt_entry_sh                            0x000001e4   ARM Code       0  __rtentry4.o(.ARM.Collect$$rtentry$$00000004)
    __rt_entry_li                            0x000001ec   ARM Code       0  __rtentry2.o(.ARM.Collect$$rtentry$$0000000A)
    __rt_entry_postsh_1                      0x000001ec   ARM Code       0  __rtentry2.o(.ARM.Collect$$rtentry$$00000009)
    __rt_entry_main                          0x000001f0   ARM Code       0  __rtentry2.o(.ARM.Collect$$rtentry$$0000000D)
    __rt_entry_postli_1                      0x000001f0   ARM Code       0  __rtentry2.o(.ARM.Collect$$rtentry$$0000000C)
    Inline Thumb to ARM Veneer to __rt_exit  0x00000219   Thumb Code     4  rtexit.o(.ARM.Collect$$rtexit$$00000000)
    __rt_exit                                0x0000021c   ARM Code       0  rtexit.o(.ARM.Collect$$rtexit$$00000000)
    __rt_exit_ls                             0x00000220   ARM Code       0  rtexit2.o(.ARM.Collect$$rtexit$$00000003)
    __rt_exit_prels_1                        0x00000220   ARM Code       0  rtexit2.o(.ARM.Collect$$rtexit$$00000002)
    __rt_exit_exit                           0x00000224   ARM Code       0  rtexit2.o(.ARM.Collect$$rtexit$$00000004)
    __user_initial_stackheap                 0x0000022c   ARM Code       0  startup.o(.text)
    vUART_ISREntry                           0x0000024c   ARM Code       0  serialisr.o(.text)
    GPIO_init                                0x000002e1   Thumb Code   198  gpio.o(.text)
    GPIO_read                                0x000003a7   Thumb Code    40  gpio.o(.text)
    GPIO_write                               0x000003cf   Thumb Code    96  gpio.o(.text)
    TagToPinMap                              0x0000042f   Thumb Code     8  gpio.o(.text)
    Task_A                                   0x00000449   Thumb Code    54  main.o(.text)
    Task_B                                   0x0000047f   Thumb Code    56  main.o(.text)
    Task_C                                   0x000004b7   Thumb Code    56  main.o(.text)
    Task_D                                   0x000004ef   Thumb Code    54  main.o(.text)
    vApplicationIdleHook                     0x00000525   Thumb Code     2  main.o(.text)
    vApplicationTickHook                     0x00000527   Thumb Code    28  main.o(.text)
    main                                     0x00000577   Thumb Code   110  main.o(.text)
    xSerialPortInitMinimal                   0x00000649   Thumb Code   124  serial.o(.text)
    xSerialGetChar                           0x000006c5   Thumb Code    34  serial.o(.text)
    xSerialPutChar                           0x000006e7   Thumb Code     6  serial.o(.text)
    vSerialPutString                         0x000006ed   Thumb Code    84  serial.o(.text)
    vUART_ISRHandler                         0x00000741   Thumb Code   120  serial.o(.text)
    xTaskGetTickCount                        0x00000947   Thumb Code    22  tasks.o(.text)
    xTaskPeriodicCreate                      0x0000095d   Thumb Code   118  tasks.o(.text)
    vTaskDelete                              0x00000a15   Thumb Code   138  tasks.o(.text)
    xTaskIncrementTick                       0x00000a9f   Thumb Code   290  tasks.o(.text)
    xTaskResumeAll                           0x00000bc1   Thumb Code   318  tasks.o(.text)
    vTaskSuspendAll                          0x00000d8f   Thumb Code    12  tasks.o(.text)
    xTaskDelayUntil                          0x00000d9b   Thumb Code    98  tasks.o(.text)
    vTaskDelay                               0x00000dfd   Thumb Code    42  tasks.o(.text)
    eTaskGetState                            0x00000e27   Thumb Code   126  tasks.o(.text)
    uxTaskPriorityGet                        0x00000ea5   Thumb Code    36  tasks.o(.text)
    uxTaskPriorityGetFromISR                 0x00000ec9   Thumb Code    26  tasks.o(.text)
    vTaskPrioritySet                         0x00000ee3   Thumb Code   164  tasks.o(.text)
    vTaskSwitchContext                       0x00000f87   Thumb Code   594  tasks.o(.text)
    vTaskSuspend                             0x000011d9   Thumb Code   154  tasks.o(.text)
    vTaskResume                              0x000012b5   Thumb Code    72  tasks.o(.text)
    xTaskResumeFromISR                       0x000012fd   Thumb Code    82  tasks.o(.text)
    vTaskStartScheduler                      0x000013b9   Thumb Code   340  tasks.o(.text)
    vTaskEndScheduler                        0x0000150d   Thumb Code    22  tasks.o(.text)
    xTaskGetTickCountFromISR                 0x00001523   Thumb Code     8  tasks.o(.text)
    uxTaskGetNumberOfTasks                   0x0000152b   Thumb Code     6  tasks.o(.text)
    pcTaskGetName                            0x00001531   Thumb Code    22  tasks.o(.text)
    vTaskGetInfo                             0x0000155f   Thumb Code   132  tasks.o(.text)
    uxTaskGetSystemState                     0x00001651   Thumb Code   144  tasks.o(.text)
    xTaskCatchUpTicks                        0x000016e1   Thumb Code    40  tasks.o(.text)
    vTaskSetApplicationTaskTag               0x00001709   Thumb Code    34  tasks.o(.text)
    xTaskGetApplicationTaskTag               0x0000172b   Thumb Code    36  tasks.o(.text)
    xTaskGetApplicationTaskTagFromISR        0x0000174f   Thumb Code    26  tasks.o(.text)
    xTaskCallApplicationTaskHook             0x00001769   Thumb Code    46  tasks.o(.text)
    vTaskPlaceOnEventList                    0x00001797   Thumb Code    32  tasks.o(.text)
    vTaskPlaceOnUnorderedEventList           0x000017b7   Thumb Code    80  tasks.o(.text)
    xTaskRemoveFromEventList                 0x00001807   Thumb Code   166  tasks.o(.text)
    vTaskRemoveFromUnorderedEventList        0x000018ad   Thumb Code   188  tasks.o(.text)
    vTaskSetTimeOutState                     0x00001969   Thumb Code    30  tasks.o(.text)
    vTaskInternalSetTimeOutState             0x00001987   Thumb Code    14  tasks.o(.text)
    xTaskCheckForTimeOut                     0x00001995   Thumb Code    94  tasks.o(.text)
    vTaskMissedYield                         0x000019f3   Thumb Code     8  tasks.o(.text)
    uxTaskGetTaskNumber                      0x000019fb   Thumb Code    16  tasks.o(.text)
    vTaskSetTaskNumber                       0x00001a0b   Thumb Code    10  tasks.o(.text)
    xTaskGetCurrentTaskHandle                0x00001a15   Thumb Code     6  tasks.o(.text)
    vTaskList                                0x00001a49   Thumb Code   190  tasks.o(.text)
    vTaskGetRunTimeStats                     0x00001b07   Thumb Code   166  tasks.o(.text)
    uxTaskResetEventItemValue                0x00001bad   Thumb Code    24  tasks.o(.text)
    ulTaskGenericNotifyTake                  0x00001bc5   Thumb Code   124  tasks.o(.text)
    xTaskGenericNotifyWait                   0x00001c41   Thumb Code   152  tasks.o(.text)
    xTaskGenericNotify                       0x00001cd9   Thumb Code   290  tasks.o(.text)
    xTaskGenericNotifyFromISR                0x00001dfb   Thumb Code   280  tasks.o(.text)
    vTaskGenericNotifyGiveFromISR            0x00001f13   Thumb Code   172  tasks.o(.text)
    xTaskGenericNotifyStateClear             0x00001fbf   Thumb Code    60  tasks.o(.text)
    ulTaskGenericNotifyValueClear            0x00001ffb   Thumb Code    66  tasks.o(.text)
    vListInitialise                          0x00002051   Thumb Code    26  list.o(.text)
    vListInitialiseItem                      0x0000206b   Thumb Code     6  list.o(.text)
    vListInsertEnd                           0x00002071   Thumb Code    24  list.o(.text)
    vListInsert                              0x00002089   Thumb Code    56  list.o(.text)
    uxListRemove                             0x000020c1   Thumb Code    40  list.o(.text)
    pxPortInitialiseStack                    0x000020e9   Thumb Code   128  port.o(.text)
    xPortStartScheduler                      0x000021a5   Thumb Code    18  port.o(.text)
    vPortEndScheduler                        0x000021b7   Thumb Code     2  port.o(.text)
    vPortEnterCritical                       0x000021b9   Thumb Code    22  port.o(.text)
    vPortExitCritical                        0x000021cf   Thumb Code    38  port.o(.text)
    pvPortMalloc                             0x00002267   Thumb Code   214  heap_2.o(.text)
    vPortFree                                0x0000233d   Thumb Code    84  heap_2.o(.text)
    xPortGetFreeHeapSize                     0x00002391   Thumb Code     6  heap_2.o(.text)
    vPortInitialiseBlocks                    0x00002397   Thumb Code     2  heap_2.o(.text)
    pvPortCalloc                             0x00002399   Thumb Code    70  heap_2.o(.text)
    __2sprintf                               0x000023f9   Thumb Code    36  noretval__2sprintf.o(.text)
    __printf                                 0x00002421   Thumb Code   118  __printf.o(.text)
    _printf_str                              0x00002497   Thumb Code    88  _printf_str.o(.text)
    Inline ARM to Thumb Veneer to _printf_int_dec 0x000024f0   ARM Code       8  _printf_dec.o(.text)
    _printf_int_dec                          0x000024f9   Thumb Code    94  _printf_dec.o(.text)
    strcpy                                   0x00002569   Thumb Code    74  strcpy.o(.text)
    strlen                                   0x000025b9   Thumb Code    64  strlen.o(.text)
    Inline Thumb to ARM Veneer to __aeabi_memset 0x000025fd   Thumb Code     4  aeabi_memset.o(.text)
    __aeabi_memset                           0x00002600   ARM Code      16  aeabi_memset.o(.text)
    Inline Thumb to ARM Veneer to __aeabi_memclr 0x00002611   Thumb Code     4  rt_memclr.o(.text)
    __aeabi_memclr                           0x00002614   ARM Code       0  rt_memclr.o(.text)
    __rt_memclr                              0x00002614   ARM Code      64  rt_memclr.o(.text)
    _memset                                  0x00002618   ARM Code       0  rt_memclr.o(.text)
    Inline Thumb to ARM Veneer to __aeabi_memclr4 0x00002655   Thumb Code     4  rt_memclr_w.o(.text)
    __aeabi_memclr4                          0x00002658   ARM Code       0  rt_memclr_w.o(.text)
    __aeabi_memclr8                          0x00002658   ARM Code       0  rt_memclr_w.o(.text)
    __rt_memclr_w                            0x00002658   ARM Code      84  rt_memclr_w.o(.text)
    _memset_w                                0x0000265c   ARM Code       0  rt_memclr_w.o(.text)
    Inline Thumb to ARM Veneer to __aeabi_idivmod 0x000026ad   Thumb Code     4  aeabi_sdiv.o(.text)
    __aeabi_idiv                             0x000026b0   ARM Code       0  aeabi_sdiv.o(.text)
    __aeabi_idivmod                          0x000026b0   ARM Code     384  aeabi_sdiv.o(.text)
    __use_two_region_memory                  0x00002831   Thumb Code     2  heapauxi.o(.text)
    __rt_heap_escrow$2region                 0x00002833   Thumb Code     2  heapauxi.o(.text)
    __rt_heap_expand$2region                 0x00002835   Thumb Code     2  heapauxi.o(.text)
    _printf_int_common                       0x00002837   Thumb Code   186  _printf_intcommon.o(.text)
    _printf_char_common                      0x000028fb   Thumb Code    34  _printf_char_common.o(.text)
    _sputc                                   0x00002921   Thumb Code    10  _sputc.o(.text)
    Inline ARM to Thumb Veneer to _printf_char 0x0000292c   ARM Code       8  _printf_char.o(.text)
    _printf_cs_common                        0x00002935   Thumb Code    26  _printf_char.o(.text)
    _printf_char                             0x0000294f   Thumb Code    16  _printf_char.o(.text)
    _printf_string                           0x0000295f   Thumb Code     8  _printf_char.o(.text)
    Inline Thumb to ARM Veneer to __rt_udiv10 0x00002969   Thumb Code     4  rtudiv10.o(.text)
    __rt_udiv10                              0x0000296c   ARM Code      44  rtudiv10.o(.text)
    __user_setup_stackheap                   0x00002998   ARM Code      96  sys_stackheap_outer.o(.text)
    exit                                     0x000029f9   Thumb Code    20  exit.o(.text)
    __user_libspace                          0x00002a0c   ARM Code      12  libspace.o(.text)
    __user_perproc_libspace                  0x00002a0c   ARM Code       0  libspace.o(.text)
    __user_perthread_libspace                0x00002a0c   ARM Code       0  libspace.o(.text)
    Inline ARM to Thumb Veneer to _sys_exit  0x00002a18   ARM Code       8  sys_exit.o(.text)
    _sys_exit                                0x00002a21   Thumb Code     8  sys_exit.o(.text)
    __I$use$semihosting                      0x00002a2c   ARM Code       0  use_no_semi.o(.text)
    __use_no_semihosting_swi                 0x00002a2c   ARM Code       4  use_no_semi.o(.text)
    Inline Thumb to ARM Veneer to __aeabi_uidivmod 0x00002a31   Thumb Code     4  aeabi_sdiv.o(.text_udiv)
    __semihosting_library_function           0x00002a30   ARM Code       0  indicate_semi.o(.text)
    __aeabi_uidiv                            0x00002a34   ARM Code       0  aeabi_sdiv.o(.text_udiv)
    __aeabi_uidivmod                         0x00002a34   ARM Code      36  aeabi_sdiv.o(.text_udiv)
    Inline Thumb to ARM Veneer to vPortStartFirstTask 0x00002a59   Thumb Code     4  portasm.o(PORT_ASM)
    vPortStartFirstTask                      0x00002a5c   ARM Code       0  portasm.o(PORT_ASM)
    vPortYield                               0x00002a8c   ARM Code       0  portasm.o(PORT_ASM)
    vPortYieldProcessor                      0x00002a94   ARM Code       0  portasm.o(PORT_ASM)
    vPreemptiveTick                          0x00002b20   ARM Code       0  portasm.o(PORT_ASM)
    Short Thumb to ARM Veneer to vPortYield  0x00002be9   Thumb Code     8  anon$$obj.o(Veneer$$Code)
    __ARM_common_call_via_r1                 0x00002bf1   Thumb Code     2  tasks.o(i.__ARM_common_call_via_r1)
    __ARM_common_call_via_r2                 0x00002bf3   Thumb Code     2  __printf.o(i.__ARM_common_call_via_r2)
    Inline Thumb to ARM Veneer to __ARM_common_disable_irq 0x00002bf5   Thumb Code     4  tasks.o(i.__ARM_common_disable_irq)
    __ARM_common_disable_irq                 0x00002bf8   ARM Code      20  tasks.o(i.__ARM_common_disable_irq)
    Inline Thumb to ARM Veneer to __ARM_common_enable_irq 0x00002c0d   Thumb Code     4  port.o(i.__ARM_common_enable_irq)
    __ARM_common_enable_irq                  0x00002c10   ARM Code      16  port.o(i.__ARM_common_enable_irq)
    Inline Thumb to ARM Veneer to __ARM_common_switch8 0x00002c21   Thumb Code     4  tasks.o(i.__ARM_common_switch8)
    __ARM_common_switch8                     0x00002c24   ARM Code      32  tasks.o(i.__ARM_common_switch8)
    Region$$Table$$Base                      0x00002c4c   Number         0  anon$$obj.o(Region$$Table)
    Region$$Table$$Limit                     0x00002c6c   Number         0  anon$$obj.o(Region$$Table)
    PinConfig_array                          0x40000000   Data          90  gpio_cfg.o(.data)
    PinConfig_array_size                     0x4000005a   Data           2  gpio_cfg.o(.data)
    time_1_in                                0x4000005c   Data           4  main.o(.data)
    time_1_out                               0x40000060   Data           4  main.o(.data)
    time_1_total                             0x40000064   Data           4  main.o(.data)
    time_2_in                                0x40000068   Data           4  main.o(.data)
    time_2_out                               0x4000006c   Data           4  main.o(.data)
    time_2_total                             0x40000070   Data           4  main.o(.data)
    time_3_in                                0x40000074   Data           4  main.o(.data)
    time_3_out                               0x40000078   Data           4  main.o(.data)
    time_3_total                             0x4000007c   Data           4  main.o(.data)
    time_4_in                                0x40000080   Data           4  main.o(.data)
    time_4_out                               0x40000084   Data           4  main.o(.data)
    time_4_total                             0x40000088   Data           4  main.o(.data)
    time_system                              0x4000008c   Data           4  main.o(.data)
    cpu_load                                 0x40000090   Data           4  main.o(.data)
    time_tasks                               0x40000094   Data           4  main.o(.data)
    task_A_Handler                           0x40000098   Data           4  main.o(.data)
    task_B_Handler                           0x4000009c   Data           4  main.o(.data)
    task_C_Handler                           0x400000a0   Data           4  main.o(.data)
    task_D_Handler                           0x400000a4   Data           4  main.o(.data)
    receivedChar                             0x400000a8   Data           1  serial.o(.data)
    isNewCharAvailable                       0x400000a9   Data           1  serial.o(.data)
    txDataSizeToSend                         0x400000aa   Data           1  serial.o(.data)
    txDataSizeLeftToSend                     0x400000ab   Data           1  serial.o(.data)
    pxCurrentTCB                             0x400000ac   Data           4  tasks.o(.data)
    uxTopUsedPriority                        0x400000e4   Data           4  tasks.o(.data)
    ulCriticalNesting                        0x400000f4   Data           4  port.o(.data)
    txBuffer                                 0x40000110   Data         200  serial.o(.bss)
    __libspace_start                         0x400036a0   Data          96  libspace.o(.bss)
    __temporary_stack_top$libspace           0x40003700   Data           0  libspace.o(.bss)



==============================================================================

Memory Map of the image

  Image Entry point : 0x00000104

  Load Region LR_IROM1 (Base: 0x00000000, Size: 0x00002d7c, Max: 0x00040000, ABSOLUTE)

    Execution Region ER_IROM1 (Exec base: 0x00000000, Load base: 0x00000000, Size: 0x00002c6c, Max: 0x00040000, ABSOLUTE)

    Exec Addr    Load Addr    Size         Type   Attr      Idx    E Section Name        Object

    0x00000000   0x00000000   0x00000104   Code   RO            3    RESET               startup.o
    0x00000104   0x00000104   0x00000008   Code   RO          337  * !!!main             c_t.l(__main.o)
    0x0000010c   0x0000010c   0x0000003c   Code   RO          523    !!!scatter          c_t.l(__scatter.o)
    0x00000148   0x00000148   0x00000028   Code   RO          525    !!handler_copy      c_t.l(__scatter_copy.o)
    0x00000170   0x00000170   0x0000002c   Code   RO          527    !!handler_zi        c_t.l(__scatter_zi.o)
    0x0000019c   0x0000019c   0x00000004   Ven    RO          306    .ARM.Collect$$_printf_percent$$00000000  c_t.l(_printf_percent.o)
    0x000001a0   0x000001a0   0x00000000   Code   RO          306    .ARM.Collect$$_printf_percent$$00000000  c_t.l(_printf_percent.o)
    0x000001a0   0x000001a0   0x00000008   Code   RO          305    .ARM.Collect$$_printf_percent$$0000000A  c_t.l(_printf_u.o)
    0x000001a8   0x000001a8   0x00000008   Code   RO          304    .ARM.Collect$$_printf_percent$$00000013  c_t.l(_printf_c.o)
    0x000001b0   0x000001b0   0x00000008   Code   RO          352    .ARM.Collect$$_printf_percent$$00000017  c_t.l(_printf_percent_end.o)
    0x000001b8   0x000001b8   0x00000008   Ven    RO          393    .ARM.Collect$$libinit$$00000000  c_t.l(libinit.o)
    0x000001c0   0x000001c0   0x00000002   Code   RO          393    .ARM.Collect$$libinit$$00000000  c_t.l(libinit.o)
    0x000001c2   0x000001c2   0x00000000   Code   RO          406    .ARM.Collect$$libinit$$00000002  c_t.l(libinit2.o)
    0x000001c2   0x000001c2   0x00000000   Code   RO          408    .ARM.Collect$$libinit$$00000004  c_t.l(libinit2.o)
    0x000001c2   0x000001c2   0x00000000   Code   RO          411    .ARM.Collect$$libinit$$0000000A  c_t.l(libinit2.o)
    0x000001c2   0x000001c2   0x00000000   Code   RO          413    .ARM.Collect$$libinit$$0000000C  c_t.l(libinit2.o)
    0x000001c2   0x000001c2   0x00000000   Code   RO          415    .ARM.Collect$$libinit$$0000000E  c_t.l(libinit2.o)
    0x000001c2   0x000001c2   0x00000000   Code   RO          418    .ARM.Collect$$libinit$$00000011  c_t.l(libinit2.o)
    0x000001c2   0x000001c2   0x00000000   Code   RO          420    .ARM.Collect$$libinit$$00000013  c_t.l(libinit2.o)
    0x000001c2   0x000001c2   0x00000000   Code   RO          422    .ARM.Collect$$libinit$$00000015  c_t.l(libinit2.o)
    0x000001c2   0x000001c2   0x00000000   Code   RO          424    .ARM.Collect$$libinit$$00000017  c_t.l(libinit2.o)
    0x000001c2   0x000001c2   0x00000000   Code   RO          426    .ARM.Collect$$libinit$$00000019  c_t.l(libinit2.o)
    0x000001c2   0x000001c2   0x00000000   Code   RO          428    .ARM.Collect$$libinit$$0000001B  c_t.l(libinit2.o)
    0x000001c2   0x000001c2   0x00000000   Code   RO          430    .ARM.Collect$$libinit$$0000001D  c_t.l(libinit2.o)
    0x000001c2   0x000001c2   0x00000000   Code   RO          432    .ARM.Collect$$libinit$$0000001F  c_t.l(libinit2.o)
    0x000001c2   0x000001c2   0x00000000   Code   RO          434    .ARM.Collect$$libinit$$00000021  c_t.l(libinit2.o)
    0x000001c2   0x000001c2   0x00000000   Code   RO          436    .ARM.Collect$$libinit$$00000023  c_t.l(libinit2.o)
    0x000001c2   0x000001c2   0x00000000   Code   RO          438    .ARM.Collect$$libinit$$00000025  c_t.l(libinit2.o)
    0x000001c2   0x000001c2   0x00000000   Code   RO          442    .ARM.Collect$$libinit$$0000002C  c_t.l(libinit2.o)
    0x000001c2   0x000001c2   0x00000000   Code   RO          444    .ARM.Collect$$libinit$$0000002E  c_t.l(libinit2.o)
    0x000001c2   0x000001c2   0x00000000   Code   RO          446    .ARM.Collect$$libinit$$00000030  c_t.l(libinit2.o)
    0x000001c2   0x000001c2   0x00000000   Code   RO          448    .ARM.Collect$$libinit$$00000032  c_t.l(libinit2.o)
    0x000001c2   0x000001c2   0x0000000c   Code   RO          449    .ARM.Collect$$libinit$$00000033  c_t.l(libinit2.o)
    0x000001ce   0x000001ce   0x00000002   PAD
    0x000001d0   0x000001d0   0x00000008   Ven    RO          480    .ARM.Collect$$libshutdown$$00000000  c_t.l(libshutdown.o)
    0x000001d8   0x000001d8   0x00000004   Code   RO          480    .ARM.Collect$$libshutdown$$00000000  c_t.l(libshutdown.o)
    0x000001dc   0x000001dc   0x00000000   Code   RO          506    .ARM.Collect$$libshutdown$$00000002  c_t.l(libshutdown2.o)
    0x000001dc   0x000001dc   0x00000000   Code   RO          508    .ARM.Collect$$libshutdown$$00000004  c_t.l(libshutdown2.o)
    0x000001dc   0x000001dc   0x00000000   Code   RO          511    .ARM.Collect$$libshutdown$$00000007  c_t.l(libshutdown2.o)
    0x000001dc   0x000001dc   0x00000000   Code   RO          514    .ARM.Collect$$libshutdown$$0000000A  c_t.l(libshutdown2.o)
    0x000001dc   0x000001dc   0x00000000   Code   RO          516    .ARM.Collect$$libshutdown$$0000000C  c_t.l(libshutdown2.o)
    0x000001dc   0x000001dc   0x00000000   Code   RO          519    .ARM.Collect$$libshutdown$$0000000F  c_t.l(libshutdown2.o)
    0x000001dc   0x000001dc   0x00000006   Code   RO          520    .ARM.Collect$$libshutdown$$00000010  c_t.l(libshutdown2.o)
    0x000001e2   0x000001e2   0x00000002   PAD
    0x000001e4   0x000001e4   0x00000000   Code   RO          339    .ARM.Collect$$rtentry$$00000000  c_t.l(__rtentry.o)
    0x000001e4   0x000001e4   0x00000000   Code   RO          358    .ARM.Collect$$rtentry$$00000002  c_t.l(__rtentry2.o)
    0x000001e4   0x000001e4   0x00000008   Code   RO          370    .ARM.Collect$$rtentry$$00000004  c_t.l(__rtentry4.o)
    0x000001ec   0x000001ec   0x00000000   Code   RO          360    .ARM.Collect$$rtentry$$00000009  c_t.l(__rtentry2.o)
    0x000001ec   0x000001ec   0x00000004   Code   RO          361    .ARM.Collect$$rtentry$$0000000A  c_t.l(__rtentry2.o)
    0x000001f0   0x000001f0   0x00000000   Code   RO          363    .ARM.Collect$$rtentry$$0000000C  c_t.l(__rtentry2.o)
    0x000001f0   0x000001f0   0x00000028   Code   RO          364    .ARM.Collect$$rtentry$$0000000D  c_t.l(__rtentry2.o)
    0x00000218   0x00000218   0x00000004   Ven    RO          397    .ARM.Collect$$rtexit$$00000000  c_t.l(rtexit.o)
    0x0000021c   0x0000021c   0x00000004   Code   RO          397    .ARM.Collect$$rtexit$$00000000  c_t.l(rtexit.o)
    0x00000220   0x00000220   0x00000000   Code   RO          453    .ARM.Collect$$rtexit$$00000002  c_t.l(rtexit2.o)
    0x00000220   0x00000220   0x00000004   Code   RO          454    .ARM.Collect$$rtexit$$00000003  c_t.l(rtexit2.o)
    0x00000224   0x00000224   0x00000008   Code   RO          455    .ARM.Collect$$rtexit$$00000004  c_t.l(rtexit2.o)
    0x0000022c   0x0000022c   0x00000020   Code   RO            4    .text               startup.o
    0x0000024c   0x0000024c   0x00000094   Code   RO           61    .text               serialisr.o
    0x000002e0   0x000002e0   0x00000168   Code   RO           64    .text               gpio.o
    0x00000448   0x00000448   0x00000200   Code   RO          103    .text               main.o
    0x00000648   0x00000648   0x000001a0   Code   RO          161    .text               serial.o
    0x000007e8   0x000007e8   0x00001868   Code   RO          177    .text               tasks.o
    0x00002050   0x00002050   0x00000098   Code   RO          208    .text               list.o
    0x000020e8   0x000020e8   0x00000158   Code   RO          235    .text               port.o
    0x00002240   0x00002240   0x000001b8   Code   RO          252    .text               heap_2.o
    0x000023f8   0x000023f8   0x00000028   Code   RO          274    .text               c_t.l(noretval__2sprintf.o)
    0x00002420   0x00002420   0x00000076   Code   RO          276    .text               c_t.l(__printf.o)
    0x00002496   0x00002496   0x00000058   Code   RO          280    .text               c_t.l(_printf_str.o)
    0x000024ee   0x000024ee   0x00000002   PAD
    0x000024f0   0x000024f0   0x00000008   Ven    RO          282    .text               c_t.l(_printf_dec.o)
    0x000024f8   0x000024f8   0x00000070   Code   RO          282    .text               c_t.l(_printf_dec.o)
    0x00002568   0x00002568   0x00000050   Code   RO          307    .text               c_t.l(strcpy.o)
    0x000025b8   0x000025b8   0x00000044   Code   RO          309    .text               c_t.l(strlen.o)
    0x000025fc   0x000025fc   0x00000004   Ven    RO          313    .text               c_t.l(aeabi_memset.o)
    0x00002600   0x00002600   0x00000010   Code   RO          313    .text               c_t.l(aeabi_memset.o)
    0x00002610   0x00002610   0x00000004   Ven    RO          315    .text               c_t.l(rt_memclr.o)
    0x00002614   0x00002614   0x00000040   Code   RO          315    .text               c_t.l(rt_memclr.o)
    0x00002654   0x00002654   0x00000004   Ven    RO          317    .text               c_t.l(rt_memclr_w.o)
    0x00002658   0x00002658   0x00000054   Code   RO          317    .text               c_t.l(rt_memclr_w.o)
    0x000026ac   0x000026ac   0x00000004   Ven    RO          319    .text               c_t.l(aeabi_sdiv.o)
    0x000026b0   0x000026b0   0x00000180   Code   RO          319    .text               c_t.l(aeabi_sdiv.o)
    0x00002830   0x00002830   0x00000006   Code   RO          335    .text               c_t.l(heapauxi.o)
    0x00002836   0x00002836   0x000000ba   Code   RO          344    .text               c_t.l(_printf_intcommon.o)
    0x000028f0   0x000028f0   0x00000030   Code   RO          346    .text               c_t.l(_printf_char_common.o)
    0x00002920   0x00002920   0x0000000a   Code   RO          348    .text               c_t.l(_sputc.o)
    0x0000292a   0x0000292a   0x00000002   PAD
    0x0000292c   0x0000292c   0x00000008   Ven    RO          350    .text               c_t.l(_printf_char.o)
    0x00002934   0x00002934   0x00000032   Code   RO          350    .text               c_t.l(_printf_char.o)
    0x00002966   0x00002966   0x00000002   PAD
    0x00002968   0x00002968   0x00000004   Ven    RO          355    .text               c_t.l(rtudiv10.o)
    0x0000296c   0x0000296c   0x0000002c   Code   RO          355    .text               c_t.l(rtudiv10.o)
    0x00002998   0x00002998   0x00000060   Code   RO          380    .text               c_t.l(sys_stackheap_outer.o)
    0x000029f8   0x000029f8   0x00000014   Code   RO          382    .text               c_t.l(exit.o)
    0x00002a0c   0x00002a0c   0x0000000c   Code   RO          394    .text               c_t.l(libspace.o)
    0x00002a18   0x00002a18   0x00000008   Ven    RO          450    .text               c_t.l(sys_exit.o)
    0x00002a20   0x00002a20   0x0000000c   Code   RO          450    .text               c_t.l(sys_exit.o)
    0x00002a2c   0x00002a2c   0x00000004   Code   RO          469    .text               c_t.l(use_no_semi.o)
    0x00002a30   0x00002a30   0x00000000   Code   RO          471    .text               c_t.l(indicate_semi.o)
    0x00002a30   0x00002a30   0x00000004   Ven    RO          320    .text_udiv          c_t.l(aeabi_sdiv.o)
    0x00002a34   0x00002a34   0x00000024   Code   RO          320    .text_udiv          c_t.l(aeabi_sdiv.o)
    0x00002a58   0x00002a58   0x00000004   Ven    RO          267    PORT_ASM            portasm.o
    0x00002a5c   0x00002a5c   0x0000018c   Code   RO          267    PORT_ASM            portasm.o
    0x00002be8   0x00002be8   0x00000008   Ven    RO          546    Veneer$$Code        anon$$obj.o
    0x00002bf0   0x00002bf0   0x00000002   Code   RO          192    i.__ARM_common_call_via_r1  tasks.o
    0x00002bf2   0x00002bf2   0x00000002   Code   RO          278    i.__ARM_common_call_via_r2  c_t.l(__printf.o)
    0x00002bf4   0x00002bf4   0x00000004   Ven    RO          194    i.__ARM_common_disable_irq  tasks.o
    0x00002bf8   0x00002bf8   0x00000014   Code   RO          194    i.__ARM_common_disable_irq  tasks.o
    0x00002c0c   0x00002c0c   0x00000004   Ven    RO          247    i.__ARM_common_enable_irq  port.o
    0x00002c10   0x00002c10   0x00000010   Code   RO          247    i.__ARM_common_enable_irq  port.o
    0x00002c20   0x00002c20   0x00000004   Ven    RO          190    i.__ARM_common_switch8  tasks.o
    0x00002c24   0x00002c24   0x00000020   Code   RO          190    i.__ARM_common_switch8  tasks.o
    0x00002c44   0x00002c44   0x00000007   Data   RO           65    .constdata          gpio.o
    0x00002c4b   0x00002c4b   0x00000001   PAD
    0x00002c4c   0x00002c4c   0x00000020   Data   RO          521    Region$$Table       anon$$obj.o


    Execution Region RW_IRAM1 (Exec base: 0x40000000, Load base: 0x00002c6c, Size: 0x00003d20, Max: 0x00004000, ABSOLUTE)

    Exec Addr    Load Addr    Size         Type   Attr      Idx    E Section Name        Object

    0x40000000   0x00002c6c   0x0000005c   Data   RW           91    .data               gpio_cfg.o
    0x4000005c   0x00002cc8   0x0000004c   Data   RW          104    .data               main.o
    0x400000a8   0x00002d14   0x00000004   Data   RW          163    .data               serial.o
    0x400000ac   0x00002d18   0x00000048   Data   RW          179    .data               tasks.o
    0x400000f4   0x00002d60   0x00000004   Data   RW          236    .data               port.o
    0x400000f8   0x00002d64   0x00000018   Data   RW          254    .data               heap_2.o
    0x40000110        -       0x000000c8   Zero   RW          162    .bss                serial.o
    0x400001d8        -       0x000000c8   Zero   RW          178    .bss                tasks.o
    0x400002a0        -       0x00003400   Zero   RW          253    .bss                heap_2.o
    0x400036a0        -       0x00000060   Zero   RW          395    .bss                c_t.l(libspace.o)
    0x40003700        -       0x00000000   Zero   RW            2    HEAP                startup.o
    0x40003700        -       0x00000620   Zero   RW            1    STACK               startup.o


==============================================================================

Image component sizes


      Code (inc. data)   RO Data    RW Data    ZI Data      Debug   Object Name

       360         18          7          0          0       2657   gpio.o
         0          0          0         92          0       1123   gpio_cfg.o
       440         26          0         24      13312       4397   heap_2.o
       152          0          0          0          0       1934   list.o
       512         76          0         76          0      14127   main.o
         0          0          0          0          0       8672   partest.o
       360         76          0          4          0       3079   port.o
       396         24          0          0          0        356   portasm.o
       416         48          0          4        200       3770   serial.o
       148         12          0          0          0        264   serialisr.o
       292         60          0          0       1568        596   startup.o
      6302        468          0         72        200      34311   tasks.o

    ----------------------------------------------------------------------
      9402        808         40        272      15280      75286   Object Totals
        24          0         32          0          0          0   (incl. Generated)
         0          0          1          0          0          0   (incl. Padding)

    ----------------------------------------------------------------------

      Code (inc. data)   RO Data    RW Data    ZI Data      Debug   Library Member Name

         8          0          0          0          0         68   __main.o
       120          0          0          0          0        148   __printf.o
         0          0          0          0          0          0   __rtentry.o
        44          4          0          0          0          0   __rtentry2.o
         8          0          0          0          0          0   __rtentry4.o
        60          8          0          0          0          0   __scatter.o
        40          0          0          0          0          0   __scatter_copy.o
        44          0          0          0          0          0   __scatter_zi.o
         8          0          0          0          0          0   _printf_c.o
        58          0          0          0          0        112   _printf_char.o
        48          4          0          0          0         96   _printf_char_common.o
       120         18          0          0          0         88   _printf_dec.o
       186          0          0          0          0         96   _printf_intcommon.o
         4          0          0          0          0          0   _printf_percent.o
         8          0          0          0          0          0   _printf_percent_end.o
        88          0          0          0          0         84   _printf_str.o
         8          0          0          0          0          0   _printf_u.o
        10          0          0          0          0         60   _sputc.o
        20          0          0          0          0         68   aeabi_memset.o
       428          0          0          0          0        148   aeabi_sdiv.o
        20          0          0          0          0         80   exit.o
         6          0          0          0          0        136   heapauxi.o
         0          0          0          0          0          0   indicate_semi.o
        10          0          0          0          0          0   libinit.o
        12          0          0          0          0          0   libinit2.o
        12          0          0          0          0          0   libshutdown.o
         6          0          0          0          0          0   libshutdown2.o
        12          4          0          0         96         68   libspace.o
        40          4          0          0          0         84   noretval__2sprintf.o
        68          0          0          0          0         68   rt_memclr.o
        88          0          0          0          0         80   rt_memclr_w.o
         8          0          0          0          0          0   rtexit.o
        12          0          0          0          0          0   rtexit2.o
        48          0          0          0          0         68   rtudiv10.o
        80          6          0          0          0         76   strcpy.o
        68          4          0          0          0         76   strlen.o
        20          4          0          0          0         60   sys_exit.o
        96          0          0          0          0         80   sys_stackheap_outer.o
         4          0          0          0          0         68   use_no_semi.o

    ----------------------------------------------------------------------
      1930         56          0          0         96       1912   Library Totals
        10          0          0          0          0          0   (incl. Padding)

    ----------------------------------------------------------------------

      Code (inc. data)   RO Data    RW Data    ZI Data      Debug   Library Name

      1920         56          0          0         96       1912   c_t.l

    ----------------------------------------------------------------------
      1930         56          0          0         96       1912   Library Totals

    ----------------------------------------------------------------------

==============================================================================


      Code (inc. data)   RO Data    RW Data    ZI Data      Debug   

     11332        864         40        272      15376      75598   Grand Totals
     11332        864         40        272      15376      75598   ELF Image Totals
     11332        864         40        272          0          0   ROM Totals

==============================================================================

    Total RO  Size (Code + RO Data)                11372 (  11.11kB)
    Total RW  Size (RW Data + ZI Data)             15648 (  15.28kB)
    Total ROM Size (Code + RO Data + RW Data)      11644 (  11.37kB)

==============================================================================

