<html>
<body>
<pre>
<h1>µVision Build Log</h1>
<h2>Tool Versions:</h2>
IDE-Version: µVision V5.29.0.0
Copyright (C) 2019 ARM Ltd and ARM Germany GmbH. All rights reserved.
License Information: Mohammed Sayed, EJAD, LIC=----
 
Tool Versions:
Toolchain:       MDK-Lite  Version: 5.29.0.0
Toolchain Path:  C:\Keil_v5\ARM\ARMCC\Bin
C Compiler:      Armcc.exe V5.06 update 6 (build 750)
Assembler:       Armasm.exe V5.06 update 6 (build 750)
Linker/Locator:  ArmLink.exe V5.06 update 6 (build 750)
Library Manager: ArmAr.exe V5.06 update 6 (build 750)
Hex Converter:   FromElf.exe V5.06 update 6 (build 750)
CPU DLL:         SARM.DLL V5.29.0.0
Dialog DLL:      DARMP.DLL V1.53.0.0
Target DLL:      UL2ARM.DLL V1.74.10.0
Dialog DLL:      TARMP.DLL V1.53.0.0
 
<h2>Project:</h2>
F:\5-RTOS\3-RTOS_Projects\EDF_Project\FreeRTOS\Demo\ARM7_LPC2129_Keil_EDF\RTOSDemo.uvproj
Project File Date:  09/17/2023

<h2>Output:</h2>
*** Using Compiler 'V5.06 update 6 (build 750)', folder: 'C:\Keil_v5\ARM\ARMCC\Bin'
Build target 'RTOSDemo_THUMB'
compiling main.c...
..\..\..\Starter_Files_V1\header\main.h(109): warning:  #1-D: last line of file ends without a newline
  #endif /*_MAIN_H_*/
Starter_Files_V1\source\main.c(113): warning:  #167-D: argument of type "void *" is incompatible with parameter of type "TaskHookFunction_t"
  	 vTaskSetApplicationTaskTag(NULL,(void *) 1);
Starter_Files_V1\source\main.c(132): warning:  #167-D: argument of type "void *" is incompatible with parameter of type "TaskHookFunction_t"
  	 vTaskSetApplicationTaskTag(NULL,(void *) 2);
Starter_Files_V1\source\main.c(150): warning:  #167-D: argument of type "void *" is incompatible with parameter of type "TaskHookFunction_t"
  	 vTaskSetApplicationTaskTag(NULL,(void *) 3);
Starter_Files_V1\source\main.c(167): warning:  #167-D: argument of type "void *" is incompatible with parameter of type "TaskHookFunction_t"
  	 vTaskSetApplicationTaskTag(NULL,(void *) 4);	
Starter_Files_V1\source\main.c(271): warning:  #177-D: function "timer1Reset"  was declared but never referenced
  static void timer1Reset(void){
Starter_Files_V1\source\main.c: 6 warnings, 0 errors
linking...
Program Size: Code=11332 RO-data=40 RW-data=272 ZI-data=15376  
FromELF: creating hex file...
".\bin\RTOSDemo.axf" - 0 Error(s), 6 Warning(s).
Build Time Elapsed:  00:00:01
</pre>
</body>
</html>
